Archive member included to satisfy reference by file (symbol)

c:/ac6/systemworkbench/plugins/fr.ac6.mcu.externaltools.arm-none.win32_1.17.0.201812190825/tools/compiler/bin/../lib/gcc/arm-none-eabi/7.3.1/thumb/v7e-m/fpv4-sp/hard\libgcc.a(_aeabi_uldivmod.o)
                              Drivers/STM32F7xx_HAL_Driver/Src/stm32f7xx_hal_rcc.o (__aeabi_uldivmod)
c:/ac6/systemworkbench/plugins/fr.ac6.mcu.externaltools.arm-none.win32_1.17.0.201812190825/tools/compiler/bin/../lib/gcc/arm-none-eabi/7.3.1/thumb/v7e-m/fpv4-sp/hard\libgcc.a(_udivmoddi4.o)
                              c:/ac6/systemworkbench/plugins/fr.ac6.mcu.externaltools.arm-none.win32_1.17.0.201812190825/tools/compiler/bin/../lib/gcc/arm-none-eabi/7.3.1/thumb/v7e-m/fpv4-sp/hard\libgcc.a(_aeabi_uldivmod.o) (__udivmoddi4)
c:/ac6/systemworkbench/plugins/fr.ac6.mcu.externaltools.arm-none.win32_1.17.0.201812190825/tools/compiler/bin/../lib/gcc/arm-none-eabi/7.3.1/thumb/v7e-m/fpv4-sp/hard\libgcc.a(_dvmd_tls.o)
                              c:/ac6/systemworkbench/plugins/fr.ac6.mcu.externaltools.arm-none.win32_1.17.0.201812190825/tools/compiler/bin/../lib/gcc/arm-none-eabi/7.3.1/thumb/v7e-m/fpv4-sp/hard\libgcc.a(_aeabi_uldivmod.o) (__aeabi_ldiv0)
c:/ac6/systemworkbench/plugins/fr.ac6.mcu.externaltools.arm-none.win32_1.17.0.201812190825/tools/compiler/bin/../lib/gcc/arm-none-eabi/7.3.1/../../../../arm-none-eabi/lib/thumb/v7e-m/fpv4-sp/hard\libc_nano.a(lib_a-errno.o)
                              Src/syscalls.o (__errno)
c:/ac6/systemworkbench/plugins/fr.ac6.mcu.externaltools.arm-none.win32_1.17.0.201812190825/tools/compiler/bin/../lib/gcc/arm-none-eabi/7.3.1/../../../../arm-none-eabi/lib/thumb/v7e-m/fpv4-sp/hard\libc_nano.a(lib_a-exit.o)
                              c:/ac6/systemworkbench/plugins/fr.ac6.mcu.externaltools.arm-none.win32_1.17.0.201812190825/tools/compiler/bin/../lib/gcc/arm-none-eabi/7.3.1/../../../../arm-none-eabi/lib/thumb/v7e-m/fpv4-sp/hard/crt0.o (exit)
c:/ac6/systemworkbench/plugins/fr.ac6.mcu.externaltools.arm-none.win32_1.17.0.201812190825/tools/compiler/bin/../lib/gcc/arm-none-eabi/7.3.1/../../../../arm-none-eabi/lib/thumb/v7e-m/fpv4-sp/hard\libc_nano.a(lib_a-impure.o)
                              c:/ac6/systemworkbench/plugins/fr.ac6.mcu.externaltools.arm-none.win32_1.17.0.201812190825/tools/compiler/bin/../lib/gcc/arm-none-eabi/7.3.1/../../../../arm-none-eabi/lib/thumb/v7e-m/fpv4-sp/hard\libc_nano.a(lib_a-exit.o) (_global_impure_ptr)
c:/ac6/systemworkbench/plugins/fr.ac6.mcu.externaltools.arm-none.win32_1.17.0.201812190825/tools/compiler/bin/../lib/gcc/arm-none-eabi/7.3.1/../../../../arm-none-eabi/lib/thumb/v7e-m/fpv4-sp/hard\libc_nano.a(lib_a-init.o)
                              c:/ac6/systemworkbench/plugins/fr.ac6.mcu.externaltools.arm-none.win32_1.17.0.201812190825/tools/compiler/bin/../lib/gcc/arm-none-eabi/7.3.1/../../../../arm-none-eabi/lib/thumb/v7e-m/fpv4-sp/hard/crt0.o (__libc_init_array)
c:/ac6/systemworkbench/plugins/fr.ac6.mcu.externaltools.arm-none.win32_1.17.0.201812190825/tools/compiler/bin/../lib/gcc/arm-none-eabi/7.3.1/../../../../arm-none-eabi/lib/thumb/v7e-m/fpv4-sp/hard\libc_nano.a(lib_a-memset.o)
                              c:/ac6/systemworkbench/plugins/fr.ac6.mcu.externaltools.arm-none.win32_1.17.0.201812190825/tools/compiler/bin/../lib/gcc/arm-none-eabi/7.3.1/../../../../arm-none-eabi/lib/thumb/v7e-m/fpv4-sp/hard/crt0.o (memset)

Allocating common symbols
Common symbol       size              file

hsai_BlockB2        0x84              Src/main.o
hi2c3               0x4c              Src/main.o
hspi2               0x64              Src/main.o
htim8               0x40              Src/main.o
hspdif              0x4c              Src/main.o
hsai_BlockA2        0x84              Src/main.o
hi2c1               0x4c              Src/main.o
hcrc                0x24              Src/main.o
uwTick              0x4               Drivers/STM32F7xx_HAL_Driver/Src/stm32f7xx_hal.o
pFlash              0x1c              Drivers/STM32F7xx_HAL_Driver/Src/stm32f7xx_hal_flash.o
htim5               0x40              Src/main.o
htim3               0x40              Src/main.o
hltdc               0xa8              Src/main.o
hadc3               0x48              Src/main.o
hdcmi               0x50              Src/main.o
huart1              0x80              Src/main.o
hrtc                0x20              Src/main.o
htim6               0x40              Src/stm32f7xx_hal_timebase_tim.o
htim1               0x40              Src/main.o
huart6              0x80              Src/main.o
hdma2d              0x40              Src/main.o
htim2               0x40              Src/main.o
htim12              0x40              Src/main.o
hsdram1             0x34              Src/main.o
hqspi               0x4c              Src/main.o

Discarded input sections

[...]
Memory Configuration

Name             Origin             Length             Attributes
RAM              0x20000000         0x00050000         xrw
FLASH            0x08000000         0x00100000         xr
*default*        0x00000000         0xffffffff

Linker script and memory map

LOAD c:/ac6/systemworkbench/plugins/fr.ac6.mcu.externaltools.arm-none.win32_1.17.0.201812190825/tools/compiler/bin/../lib/gcc/arm-none-eabi/7.3.1/thumb/v7e-m/fpv4-sp/hard/crti.o
LOAD c:/ac6/systemworkbench/plugins/fr.ac6.mcu.externaltools.arm-none.win32_1.17.0.201812190825/tools/compiler/bin/../lib/gcc/arm-none-eabi/7.3.1/thumb/v7e-m/fpv4-sp/hard/crtbegin.o
LOAD c:/ac6/systemworkbench/plugins/fr.ac6.mcu.externaltools.arm-none.win32_1.17.0.201812190825/tools/compiler/bin/../lib/gcc/arm-none-eabi/7.3.1/../../../../arm-none-eabi/lib/thumb/v7e-m/fpv4-sp/hard/crt0.o
LOAD Drivers/STM32F7xx_HAL_Driver/Src/stm32f7xx_hal.o
LOAD Drivers/STM32F7xx_HAL_Driver/Src/stm32f7xx_hal_adc.o
LOAD Drivers/STM32F7xx_HAL_Driver/Src/stm32f7xx_hal_adc_ex.o
LOAD Drivers/STM32F7xx_HAL_Driver/Src/stm32f7xx_hal_cortex.o
LOAD Drivers/STM32F7xx_HAL_Driver/Src/stm32f7xx_hal_crc.o
LOAD Drivers/STM32F7xx_HAL_Driver/Src/stm32f7xx_hal_crc_ex.o
LOAD Drivers/STM32F7xx_HAL_Driver/Src/stm32f7xx_hal_dcmi.o
LOAD Drivers/STM32F7xx_HAL_Driver/Src/stm32f7xx_hal_dcmi_ex.o
LOAD Drivers/STM32F7xx_HAL_Driver/Src/stm32f7xx_hal_dma.o
LOAD Drivers/STM32F7xx_HAL_Driver/Src/stm32f7xx_hal_dma2d.o
LOAD Drivers/STM32F7xx_HAL_Driver/Src/stm32f7xx_hal_dma_ex.o
LOAD Drivers/STM32F7xx_HAL_Driver/Src/stm32f7xx_hal_dsi.o
LOAD Drivers/STM32F7xx_HAL_Driver/Src/stm32f7xx_hal_exti.o
LOAD Drivers/STM32F7xx_HAL_Driver/Src/stm32f7xx_hal_flash.o
LOAD Drivers/STM32F7xx_HAL_Driver/Src/stm32f7xx_hal_flash_ex.o
LOAD Drivers/STM32F7xx_HAL_Driver/Src/stm32f7xx_hal_gpio.o
LOAD Drivers/STM32F7xx_HAL_Driver/Src/stm32f7xx_hal_i2c.o
LOAD Drivers/STM32F7xx_HAL_Driver/Src/stm32f7xx_hal_i2c_ex.o
LOAD Drivers/STM32F7xx_HAL_Driver/Src/stm32f7xx_hal_ltdc.o
LOAD Drivers/STM32F7xx_HAL_Driver/Src/stm32f7xx_hal_ltdc_ex.o
LOAD Drivers/STM32F7xx_HAL_Driver/Src/stm32f7xx_hal_pwr.o
LOAD Drivers/STM32F7xx_HAL_Driver/Src/stm32f7xx_hal_pwr_ex.o
LOAD Drivers/STM32F7xx_HAL_Driver/Src/stm32f7xx_hal_qspi.o
LOAD Drivers/STM32F7xx_HAL_Driver/Src/stm32f7xx_hal_rcc.o
LOAD Drivers/STM32F7xx_HAL_Driver/Src/stm32f7xx_hal_rcc_ex.o
LOAD Drivers/STM32F7xx_HAL_Driver/Src/stm32f7xx_hal_rtc.o
LOAD Drivers/STM32F7xx_HAL_Driver/Src/stm32f7xx_hal_rtc_ex.o
LOAD Drivers/STM32F7xx_HAL_Driver/Src/stm32f7xx_hal_sai.o
LOAD Drivers/STM32F7xx_HAL_Driver/Src/stm32f7xx_hal_sai_ex.o
LOAD Drivers/STM32F7xx_HAL_Driver/Src/stm32f7xx_hal_sdram.o
LOAD Drivers/STM32F7xx_HAL_Driver/Src/stm32f7xx_hal_spdifrx.o
LOAD Drivers/STM32F7xx_HAL_Driver/Src/stm32f7xx_hal_spi.o
LOAD Drivers/STM32F7xx_HAL_Driver/Src/stm32f7xx_hal_spi_ex.o
LOAD Drivers/STM32F7xx_HAL_Driver/Src/stm32f7xx_hal_tim.o
LOAD Drivers/STM32F7xx_HAL_Driver/Src/stm32f7xx_hal_tim_ex.o
LOAD Drivers/STM32F7xx_HAL_Driver/Src/stm32f7xx_hal_uart.o
LOAD Drivers/STM32F7xx_HAL_Driver/Src/stm32f7xx_hal_uart_ex.o
LOAD Drivers/STM32F7xx_HAL_Driver/Src/stm32f7xx_ll_fmc.o
LOAD Src/isrs.o
LOAD Src/main.o
LOAD Src/stm32f7xx_hal_msp.o
LOAD Src/stm32f7xx_hal_timebase_tim.o
LOAD Src/stm32f7xx_it.o
LOAD Src/syscalls.o
LOAD Src/system_stm32f7xx.o
LOAD startup/startup_stm32f746xx.o
LOAD c:/ac6/systemworkbench/plugins/fr.ac6.mcu.externaltools.arm-none.win32_1.17.0.201812190825/tools/compiler/bin/../lib/gcc/arm-none-eabi/7.3.1/../../../../arm-none-eabi/lib/thumb/v7e-m/fpv4-sp/hard\libstdc++_nano.a
LOAD c:/ac6/systemworkbench/plugins/fr.ac6.mcu.externaltools.arm-none.win32_1.17.0.201812190825/tools/compiler/bin/../lib/gcc/arm-none-eabi/7.3.1/../../../../arm-none-eabi/lib/thumb/v7e-m/fpv4-sp/hard\libm.a
START GROUP
LOAD c:/ac6/systemworkbench/plugins/fr.ac6.mcu.externaltools.arm-none.win32_1.17.0.201812190825/tools/compiler/bin/../lib/gcc/arm-none-eabi/7.3.1/thumb/v7e-m/fpv4-sp/hard\libgcc.a
LOAD c:/ac6/systemworkbench/plugins/fr.ac6.mcu.externaltools.arm-none.win32_1.17.0.201812190825/tools/compiler/bin/../lib/gcc/arm-none-eabi/7.3.1/../../../../arm-none-eabi/lib/thumb/v7e-m/fpv4-sp/hard\libc_nano.a
END GROUP
START GROUP
LOAD c:/ac6/systemworkbench/plugins/fr.ac6.mcu.externaltools.arm-none.win32_1.17.0.201812190825/tools/compiler/bin/../lib/gcc/arm-none-eabi/7.3.1/thumb/v7e-m/fpv4-sp/hard\libgcc.a
LOAD c:/ac6/systemworkbench/plugins/fr.ac6.mcu.externaltools.arm-none.win32_1.17.0.201812190825/tools/compiler/bin/../lib/gcc/arm-none-eabi/7.3.1/../../../../arm-none-eabi/lib/thumb/v7e-m/fpv4-sp/hard\libc_nano.a
LOAD c:/ac6/systemworkbench/plugins/fr.ac6.mcu.externaltools.arm-none.win32_1.17.0.201812190825/tools/compiler/bin/../lib/gcc/arm-none-eabi/7.3.1/../../../../arm-none-eabi/lib/thumb/v7e-m/fpv4-sp/hard\libnosys.a
END GROUP
START GROUP
LOAD c:/ac6/systemworkbench/plugins/fr.ac6.mcu.externaltools.arm-none.win32_1.17.0.201812190825/tools/compiler/bin/../lib/gcc/arm-none-eabi/7.3.1/thumb/v7e-m/fpv4-sp/hard\libgcc.a
LOAD c:/ac6/systemworkbench/plugins/fr.ac6.mcu.externaltools.arm-none.win32_1.17.0.201812190825/tools/compiler/bin/../lib/gcc/arm-none-eabi/7.3.1/../../../../arm-none-eabi/lib/thumb/v7e-m/fpv4-sp/hard\libc_nano.a
LOAD c:/ac6/systemworkbench/plugins/fr.ac6.mcu.externaltools.arm-none.win32_1.17.0.201812190825/tools/compiler/bin/../lib/gcc/arm-none-eabi/7.3.1/../../../../arm-none-eabi/lib/thumb/v7e-m/fpv4-sp/hard\libnosys.a
END GROUP
LOAD c:/ac6/systemworkbench/plugins/fr.ac6.mcu.externaltools.arm-none.win32_1.17.0.201812190825/tools/compiler/bin/../lib/gcc/arm-none-eabi/7.3.1/thumb/v7e-m/fpv4-sp/hard/crtend.o
LOAD c:/ac6/systemworkbench/plugins/fr.ac6.mcu.externaltools.arm-none.win32_1.17.0.201812190825/tools/compiler/bin/../lib/gcc/arm-none-eabi/7.3.1/thumb/v7e-m/fpv4-sp/hard/crtn.o
                0x20050000                _estack = 0x20050000
                0x00001000                _Min_Heap_Size = 0x1000
                0x00001000                _Min_Stack_Size = 0x1000

.isr_vector     0x08000000      0x1c8
                0x08000000                . = ALIGN (0x4)
 *(.isr_vector)
 .isr_vector    0x08000000      0x1c8 startup/startup_stm32f746xx.o
                0x08000000                g_pfnVectors
                0x080001c8                . = ALIGN (0x4)

.text           0x080001c8     0x83a0
                0x080001c8                . = ALIGN (0x4)
 *(.text)
 .text          0x080001c8       0x40 c:/ac6/systemworkbench/plugins/fr.ac6.mcu.externaltools.arm-none.win32_1.17.0.201812190825/tools/compiler/bin/../lib/gcc/arm-none-eabi/7.3.1/thumb/v7e-m/fpv4-sp/hard/crtbegin.o
 .text          0x08000208       0x30 c:/ac6/systemworkbench/plugins/fr.ac6.mcu.externaltools.arm-none.win32_1.17.0.201812190825/tools/compiler/bin/../lib/gcc/arm-none-eabi/7.3.1/thumb/v7e-m/fpv4-sp/hard\libgcc.a(_aeabi_uldivmod.o)
                0x08000208                __aeabi_uldivmod
 .text          0x08000238      0x2cc c:/ac6/systemworkbench/plugins/fr.ac6.mcu.externaltools.arm-none.win32_1.17.0.201812190825/tools/compiler/bin/../lib/gcc/arm-none-eabi/7.3.1/thumb/v7e-m/fpv4-sp/hard\libgcc.a(_udivmoddi4.o)
                0x08000238                __udivmoddi4
 .text          0x08000504        0x4 c:/ac6/systemworkbench/plugins/fr.ac6.mcu.externaltools.arm-none.win32_1.17.0.201812190825/tools/compiler/bin/../lib/gcc/arm-none-eabi/7.3.1/thumb/v7e-m/fpv4-sp/hard\libgcc.a(_dvmd_tls.o)
                0x08000504                __aeabi_idiv0
                0x08000504                __aeabi_ldiv0
 *(.text*)
 .text.HAL_Init
                0x08000508       0x1a Drivers/STM32F7xx_HAL_Driver/Src/stm32f7xx_hal.o
                0x08000508                HAL_Init
 *fill*         0x08000522        0x2 
 .text.HAL_IncTick
                0x08000524       0x28 Drivers/STM32F7xx_HAL_Driver/Src/stm32f7xx_hal.o
                0x08000524                HAL_IncTick
 .text.HAL_GetTick
                0x0800054c       0x18 Drivers/STM32F7xx_HAL_Driver/Src/stm32f7xx_hal.o
                0x0800054c                HAL_GetTick
 .text.HAL_Delay
                0x08000564       0x44 Drivers/STM32F7xx_HAL_Driver/Src/stm32f7xx_hal.o
                0x08000564                HAL_Delay
 .text.HAL_ADC_Init
                0x080005a8       0x88 Drivers/STM32F7xx_HAL_Driver/Src/stm32f7xx_hal_adc.o
                0x080005a8                HAL_ADC_Init
 .text.HAL_ADC_Start_IT
                0x08000630      0x194 Drivers/STM32F7xx_HAL_Driver/Src/stm32f7xx_hal_adc.o
                0x08000630                HAL_ADC_Start_IT
 .text.HAL_ADC_ConfigChannel
                0x080007c4      0x268 Drivers/STM32F7xx_HAL_Driver/Src/stm32f7xx_hal_adc.o
                0x080007c4                HAL_ADC_ConfigChannel
 .text.ADC_Init
                0x08000a2c      0x1f4 Drivers/STM32F7xx_HAL_Driver/Src/stm32f7xx_hal_adc.o
 .text.__NVIC_SetPriorityGrouping
                0x08000c20       0x48 Drivers/STM32F7xx_HAL_Driver/Src/stm32f7xx_hal_cortex.o
 .text.__NVIC_GetPriorityGrouping
                0x08000c68       0x1c Drivers/STM32F7xx_HAL_Driver/Src/stm32f7xx_hal_cortex.o
 .text.__NVIC_EnableIRQ
                0x08000c84       0x3c Drivers/STM32F7xx_HAL_Driver/Src/stm32f7xx_hal_cortex.o
 .text.__NVIC_SetPriority
                0x08000cc0       0x54 Drivers/STM32F7xx_HAL_Driver/Src/stm32f7xx_hal_cortex.o
 .text.NVIC_EncodePriority
                0x08000d14       0x66 Drivers/STM32F7xx_HAL_Driver/Src/stm32f7xx_hal_cortex.o
 .text.HAL_NVIC_SetPriorityGrouping
                0x08000d7a       0x16 Drivers/STM32F7xx_HAL_Driver/Src/stm32f7xx_hal_cortex.o
                0x08000d7a                HAL_NVIC_SetPriorityGrouping
 .text.HAL_NVIC_SetPriority
                0x08000d90       0x38 Drivers/STM32F7xx_HAL_Driver/Src/stm32f7xx_hal_cortex.o
                0x08000d90                HAL_NVIC_SetPriority
 .text.HAL_NVIC_EnableIRQ
                0x08000dc8       0x1c Drivers/STM32F7xx_HAL_Driver/Src/stm32f7xx_hal_cortex.o
                0x08000dc8                HAL_NVIC_EnableIRQ
 .text.HAL_CRC_Init
                0x08000de4       0xc8 Drivers/STM32F7xx_HAL_Driver/Src/stm32f7xx_hal_crc.o
                0x08000de4                HAL_CRC_Init
 .text.HAL_CRCEx_Polynomial_Set
                0x08000eac      0x10c Drivers/STM32F7xx_HAL_Driver/Src/stm32f7xx_hal_crc_ex.o
                0x08000eac                HAL_CRCEx_Polynomial_Set
 .text.HAL_DCMI_Init
                0x08000fb8       0xe4 Drivers/STM32F7xx_HAL_Driver/Src/stm32f7xx_hal_dcmi.o
                0x08000fb8                HAL_DCMI_Init
 .text.HAL_DMA2D_Init
                0x0800109c       0x94 Drivers/STM32F7xx_HAL_Driver/Src/stm32f7xx_hal_dma2d.o
                0x0800109c                HAL_DMA2D_Init
 .text.HAL_DMA2D_IRQHandler
                0x08001130      0x1f8 Drivers/STM32F7xx_HAL_Driver/Src/stm32f7xx_hal_dma2d.o
                0x08001130                HAL_DMA2D_IRQHandler
 .text.HAL_DMA2D_LineEventCallback
                0x08001328       0x14 Drivers/STM32F7xx_HAL_Driver/Src/stm32f7xx_hal_dma2d.o
                0x08001328                HAL_DMA2D_LineEventCallback
 .text.HAL_DMA2D_CLUTLoadingCpltCallback
                0x0800133c       0x14 Drivers/STM32F7xx_HAL_Driver/Src/stm32f7xx_hal_dma2d.o
                0x0800133c                HAL_DMA2D_CLUTLoadingCpltCallback
 .text.HAL_DMA2D_ConfigLayer
                0x08001350      0x124 Drivers/STM32F7xx_HAL_Driver/Src/stm32f7xx_hal_dma2d.o
                0x08001350                HAL_DMA2D_ConfigLayer
 .text.HAL_GPIO_Init
                0x08001474      0x354 Drivers/STM32F7xx_HAL_Driver/Src/stm32f7xx_hal_gpio.o
                0x08001474                HAL_GPIO_Init
 .text.HAL_GPIO_WritePin
                0x080017c8       0x32 Drivers/STM32F7xx_HAL_Driver/Src/stm32f7xx_hal_gpio.o
                0x080017c8                HAL_GPIO_WritePin
 *fill*         0x080017fa        0x2 
 .text.HAL_I2C_Init
                0x080017fc      0x120 Drivers/STM32F7xx_HAL_Driver/Src/stm32f7xx_hal_i2c.o
                0x080017fc                HAL_I2C_Init
 .text.HAL_I2CEx_ConfigAnalogFilter
                0x0800191c       0x96 Drivers/STM32F7xx_HAL_Driver/Src/stm32f7xx_hal_i2c_ex.o
                0x0800191c                HAL_I2CEx_ConfigAnalogFilter
 .text.HAL_I2CEx_ConfigDigitalFilter
                0x080019b2       0x98 Drivers/STM32F7xx_HAL_Driver/Src/stm32f7xx_hal_i2c_ex.o
                0x080019b2                HAL_I2CEx_ConfigDigitalFilter
 *fill*         0x08001a4a        0x2 
 .text.HAL_LTDC_Init
                0x08001a4c      0x1a0 Drivers/STM32F7xx_HAL_Driver/Src/stm32f7xx_hal_ltdc.o
                0x08001a4c                HAL_LTDC_Init
 .text.HAL_LTDC_IRQHandler
                0x08001bec      0x148 Drivers/STM32F7xx_HAL_Driver/Src/stm32f7xx_hal_ltdc.o
                0x08001bec                HAL_LTDC_IRQHandler
 .text.HAL_LTDC_ErrorCallback
                0x08001d34       0x14 Drivers/STM32F7xx_HAL_Driver/Src/stm32f7xx_hal_ltdc.o
                0x08001d34                HAL_LTDC_ErrorCallback
 .text.HAL_LTDC_LineEventCallback
                0x08001d48       0x14 Drivers/STM32F7xx_HAL_Driver/Src/stm32f7xx_hal_ltdc.o
                0x08001d48                HAL_LTDC_LineEventCallback
 .text.HAL_LTDC_ReloadEventCallback
                0x08001d5c       0x14 Drivers/STM32F7xx_HAL_Driver/Src/stm32f7xx_hal_ltdc.o
                0x08001d5c                HAL_LTDC_ReloadEventCallback
 .text.HAL_LTDC_ConfigLayer
                0x08001d70       0x7c Drivers/STM32F7xx_HAL_Driver/Src/stm32f7xx_hal_ltdc.o
                0x08001d70                HAL_LTDC_ConfigLayer
 .text.LTDC_SetConfig
                0x08001dec      0x334 Drivers/STM32F7xx_HAL_Driver/Src/stm32f7xx_hal_ltdc.o
 .text.HAL_PWR_EnableBkUpAccess
                0x08002120       0x20 Drivers/STM32F7xx_HAL_Driver/Src/stm32f7xx_hal_pwr.o
                0x08002120                HAL_PWR_EnableBkUpAccess
 .text.HAL_QSPI_Init
                0x08002140      0x114 Drivers/STM32F7xx_HAL_Driver/Src/stm32f7xx_hal_qspi.o
                0x08002140                HAL_QSPI_Init
 .text.HAL_QSPI_SetTimeout
                0x08002254       0x1c Drivers/STM32F7xx_HAL_Driver/Src/stm32f7xx_hal_qspi.o
                0x08002254                HAL_QSPI_SetTimeout
 .text.QSPI_WaitFlagStateUntilTimeout
                0x08002270       0x6e Drivers/STM32F7xx_HAL_Driver/Src/stm32f7xx_hal_qspi.o
 *fill*         0x080022de        0x2 
 .text.HAL_RCC_OscConfig
                0x080022e0      0x4e0 Drivers/STM32F7xx_HAL_Driver/Src/stm32f7xx_hal_rcc.o
                0x080022e0                HAL_RCC_OscConfig
 .text.HAL_RCC_ClockConfig
                0x080027c0      0x1d0 Drivers/STM32F7xx_HAL_Driver/Src/stm32f7xx_hal_rcc.o
                0x080027c0                HAL_RCC_ClockConfig
 .text.HAL_RCC_GetSysClockFreq
                0x08002990      0x164 Drivers/STM32F7xx_HAL_Driver/Src/stm32f7xx_hal_rcc.o
                0x08002990                HAL_RCC_GetSysClockFreq
 .text.HAL_RCC_GetHCLKFreq
                0x08002af4       0x18 Drivers/STM32F7xx_HAL_Driver/Src/stm32f7xx_hal_rcc.o
                0x08002af4                HAL_RCC_GetHCLKFreq
 .text.HAL_RCC_GetPCLK1Freq
                0x08002b0c       0x28 Drivers/STM32F7xx_HAL_Driver/Src/stm32f7xx_hal_rcc.o
                0x08002b0c                HAL_RCC_GetPCLK1Freq
 .text.HAL_RCC_GetPCLK2Freq
                0x08002b34       0x28 Drivers/STM32F7xx_HAL_Driver/Src/stm32f7xx_hal_rcc.o
                0x08002b34                HAL_RCC_GetPCLK2Freq
 .text.HAL_RCC_GetClockConfig
                0x08002b5c       0x64 Drivers/STM32F7xx_HAL_Driver/Src/stm32f7xx_hal_rcc.o
                0x08002b5c                HAL_RCC_GetClockConfig
 .text.HAL_RCCEx_PeriphCLKConfig
                0x08002bc0      0x7dc Drivers/STM32F7xx_HAL_Driver/Src/stm32f7xx_hal_rcc_ex.o
                0x08002bc0                HAL_RCCEx_PeriphCLKConfig
 .text.HAL_RCCEx_GetPeriphCLKFreq
                0x0800339c      0x268 Drivers/STM32F7xx_HAL_Driver/Src/stm32f7xx_hal_rcc_ex.o
                0x0800339c                HAL_RCCEx_GetPeriphCLKFreq
 .text.HAL_RTC_Init
                0x08003604       0xf8 Drivers/STM32F7xx_HAL_Driver/Src/stm32f7xx_hal_rtc.o
                0x08003604                HAL_RTC_Init
 .text.HAL_RTC_SetTime
                0x080036fc      0x17c Drivers/STM32F7xx_HAL_Driver/Src/stm32f7xx_hal_rtc.o
                0x080036fc                HAL_RTC_SetTime
 .text.HAL_RTC_SetDate
                0x08003878      0x150 Drivers/STM32F7xx_HAL_Driver/Src/stm32f7xx_hal_rtc.o
                0x08003878                HAL_RTC_SetDate
 .text.HAL_RTC_SetAlarm
                0x080039c8      0x230 Drivers/STM32F7xx_HAL_Driver/Src/stm32f7xx_hal_rtc.o
                0x080039c8                HAL_RTC_SetAlarm
 .text.HAL_RTC_WaitForSynchro
                0x08003bf8       0x50 Drivers/STM32F7xx_HAL_Driver/Src/stm32f7xx_hal_rtc.o
                0x08003bf8                HAL_RTC_WaitForSynchro
 .text.RTC_EnterInitMode
                0x08003c48       0x58 Drivers/STM32F7xx_HAL_Driver/Src/stm32f7xx_hal_rtc.o
                0x08003c48                RTC_EnterInitMode
 .text.RTC_ByteToBcd2
                0x08003ca0       0x3c Drivers/STM32F7xx_HAL_Driver/Src/stm32f7xx_hal_rtc.o
                0x08003ca0                RTC_ByteToBcd2
 .text.HAL_RTCEx_SetTimeStamp
                0x08003cdc       0xac Drivers/STM32F7xx_HAL_Driver/Src/stm32f7xx_hal_rtc_ex.o
                0x08003cdc                HAL_RTCEx_SetTimeStamp
 .text.HAL_SAI_Init
                0x08003d88      0x2e4 Drivers/STM32F7xx_HAL_Driver/Src/stm32f7xx_hal_sai.o
                0x08003d88                HAL_SAI_Init
 .text.SAI_Disable
                0x0800406c       0x6c Drivers/STM32F7xx_HAL_Driver/Src/stm32f7xx_hal_sai.o
 .text.HAL_SDRAM_Init
                0x080040d8       0x68 Drivers/STM32F7xx_HAL_Driver/Src/stm32f7xx_hal_sdram.o
                0x080040d8                HAL_SDRAM_Init
 .text.HAL_SPDIFRX_Init
                0x08004140       0xb8 Drivers/STM32F7xx_HAL_Driver/Src/stm32f7xx_hal_spdifrx.o
                0x08004140                HAL_SPDIFRX_Init
 .text.HAL_SPI_Init
                0x080041f8      0x124 Drivers/STM32F7xx_HAL_Driver/Src/stm32f7xx_hal_spi.o
                0x080041f8                HAL_SPI_Init
 .text.HAL_TIM_Base_Init
                0x0800431c       0x56 Drivers/STM32F7xx_HAL_Driver/Src/stm32f7xx_hal_tim.o
                0x0800431c                HAL_TIM_Base_Init
 *fill*         0x08004372        0x2 
 .text.HAL_TIM_Base_Start_IT
                0x08004374       0x54 Drivers/STM32F7xx_HAL_Driver/Src/stm32f7xx_hal_tim.o
                0x08004374                HAL_TIM_Base_Start_IT
 .text.HAL_TIM_OC_Init
                0x080043c8       0x56 Drivers/STM32F7xx_HAL_Driver/Src/stm32f7xx_hal_tim.o
                0x080043c8                HAL_TIM_OC_Init
 .text.HAL_TIM_OC_MspInit
                0x0800441e       0x14 Drivers/STM32F7xx_HAL_Driver/Src/stm32f7xx_hal_tim.o
                0x0800441e                HAL_TIM_OC_MspInit
 *fill*         0x08004432        0x2 
 .text.HAL_TIM_OC_Start_IT
                0x08004434      0x114 Drivers/STM32F7xx_HAL_Driver/Src/stm32f7xx_hal_tim.o
                0x08004434                HAL_TIM_OC_Start_IT
 .text.HAL_TIM_PWM_Init
                0x08004548       0x56 Drivers/STM32F7xx_HAL_Driver/Src/stm32f7xx_hal_tim.o
                0x08004548                HAL_TIM_PWM_Init
 .text.HAL_TIM_IRQHandler
                0x0800459e      0x23e Drivers/STM32F7xx_HAL_Driver/Src/stm32f7xx_hal_tim.o
                0x0800459e                HAL_TIM_IRQHandler
 .text.HAL_TIM_OC_ConfigChannel
                0x080047dc       0xfc Drivers/STM32F7xx_HAL_Driver/Src/stm32f7xx_hal_tim.o
                0x080047dc                HAL_TIM_OC_ConfigChannel
 .text.HAL_TIM_PWM_ConfigChannel
                0x080048d8      0x230 Drivers/STM32F7xx_HAL_Driver/Src/stm32f7xx_hal_tim.o
                0x080048d8                HAL_TIM_PWM_ConfigChannel
 .text.HAL_TIM_ConfigClockSource
                0x08004b08      0x174 Drivers/STM32F7xx_HAL_Driver/Src/stm32f7xx_hal_tim.o
                0x08004b08                HAL_TIM_ConfigClockSource
 .text.HAL_TIM_IC_CaptureCallback
                0x08004c7c       0x14 Drivers/STM32F7xx_HAL_Driver/Src/stm32f7xx_hal_tim.o
                0x08004c7c                HAL_TIM_IC_CaptureCallback
 .text.HAL_TIM_PWM_PulseFinishedCallback
                0x08004c90       0x14 Drivers/STM32F7xx_HAL_Driver/Src/stm32f7xx_hal_tim.o
                0x08004c90                HAL_TIM_PWM_PulseFinishedCallback
 .text.HAL_TIM_TriggerCallback
                0x08004ca4       0x14 Drivers/STM32F7xx_HAL_Driver/Src/stm32f7xx_hal_tim.o
                0x08004ca4                HAL_TIM_TriggerCallback
 .text.TIM_Base_SetConfig
                0x08004cb8      0x140 Drivers/STM32F7xx_HAL_Driver/Src/stm32f7xx_hal_tim.o
                0x08004cb8                TIM_Base_SetConfig
 .text.TIM_OC1_SetConfig
                0x08004df8       0xe4 Drivers/STM32F7xx_HAL_Driver/Src/stm32f7xx_hal_tim.o
 .text.TIM_OC2_SetConfig
                0x08004edc       0xf0 Drivers/STM32F7xx_HAL_Driver/Src/stm32f7xx_hal_tim.o
                0x08004edc                TIM_OC2_SetConfig
 .text.TIM_OC3_SetConfig
                0x08004fcc       0xec Drivers/STM32F7xx_HAL_Driver/Src/stm32f7xx_hal_tim.o
 .text.TIM_OC4_SetConfig
                0x080050b8       0xb0 Drivers/STM32F7xx_HAL_Driver/Src/stm32f7xx_hal_tim.o
 .text.TIM_OC5_SetConfig
                0x08005168       0xa4 Drivers/STM32F7xx_HAL_Driver/Src/stm32f7xx_hal_tim.o
 .text.TIM_OC6_SetConfig
                0x0800520c       0xa8 Drivers/STM32F7xx_HAL_Driver/Src/stm32f7xx_hal_tim.o
 .text.TIM_TI1_ConfigInputStage
                0x080052b4       0x5e Drivers/STM32F7xx_HAL_Driver/Src/stm32f7xx_hal_tim.o
 .text.TIM_TI2_ConfigInputStage
                0x08005312       0x60 Drivers/STM32F7xx_HAL_Driver/Src/stm32f7xx_hal_tim.o
 .text.TIM_ITRx_SetConfig
                0x08005372       0x36 Drivers/STM32F7xx_HAL_Driver/Src/stm32f7xx_hal_tim.o
 .text.TIM_ETR_SetConfig
                0x080053a8       0x40 Drivers/STM32F7xx_HAL_Driver/Src/stm32f7xx_hal_tim.o
                0x080053a8                TIM_ETR_SetConfig
 .text.TIM_CCxChannelCmd
                0x080053e8       0x4a Drivers/STM32F7xx_HAL_Driver/Src/stm32f7xx_hal_tim.o
                0x080053e8                TIM_CCxChannelCmd
 *fill*         0x08005432        0x2 
 .text.HAL_TIMEx_MasterConfigSynchronization
                0x08005434       0xb8 Drivers/STM32F7xx_HAL_Driver/Src/stm32f7xx_hal_tim_ex.o
                0x08005434                HAL_TIMEx_MasterConfigSynchronization
 .text.HAL_TIMEx_ConfigBreakDeadTime
                0x080054ec       0xfc Drivers/STM32F7xx_HAL_Driver/Src/stm32f7xx_hal_tim_ex.o
                0x080054ec                HAL_TIMEx_ConfigBreakDeadTime
 .text.HAL_TIMEx_CommutCallback
                0x080055e8       0x14 Drivers/STM32F7xx_HAL_Driver/Src/stm32f7xx_hal_tim_ex.o
                0x080055e8                HAL_TIMEx_CommutCallback
 .text.HAL_TIMEx_BreakCallback
                0x080055fc       0x14 Drivers/STM32F7xx_HAL_Driver/Src/stm32f7xx_hal_tim_ex.o
                0x080055fc                HAL_TIMEx_BreakCallback
 .text.HAL_TIMEx_Break2Callback
                0x08005610       0x14 Drivers/STM32F7xx_HAL_Driver/Src/stm32f7xx_hal_tim_ex.o
                0x08005610                HAL_TIMEx_Break2Callback
 .text.HAL_UART_Init
                0x08005624       0x9c Drivers/STM32F7xx_HAL_Driver/Src/stm32f7xx_hal_uart.o
                0x08005624                HAL_UART_Init
 .text.UART_SetConfig
                0x080056c0      0x548 Drivers/STM32F7xx_HAL_Driver/Src/stm32f7xx_hal_uart.o
                0x080056c0                UART_SetConfig
 .text.UART_AdvFeatureConfig
                0x08005c08      0x144 Drivers/STM32F7xx_HAL_Driver/Src/stm32f7xx_hal_uart.o
                0x08005c08                UART_AdvFeatureConfig
 .text.UART_CheckIdleState
                0x08005d4c       0x5e Drivers/STM32F7xx_HAL_Driver/Src/stm32f7xx_hal_uart.o
                0x08005d4c                UART_CheckIdleState
 .text.UART_WaitOnFlagUntilTimeout
                0x08005daa       0x90 Drivers/STM32F7xx_HAL_Driver/Src/stm32f7xx_hal_uart.o
                0x08005daa                UART_WaitOnFlagUntilTimeout
 *fill*         0x08005e3a        0x2 
 .text.FMC_SDRAM_Init
                0x08005e3c       0xe4 Drivers/STM32F7xx_HAL_Driver/Src/stm32f7xx_ll_fmc.o
                0x08005e3c                FMC_SDRAM_Init
 .text.FMC_SDRAM_Timing_Init
                0x08005f20      0x100 Drivers/STM32F7xx_HAL_Driver/Src/stm32f7xx_ll_fmc.o
                0x08005f20                FMC_SDRAM_Timing_Init
 .text.HAL_TIM_OC_DelayElapsedCallback
                0x08006020        0x2 Src/isrs.o
                0x08006020                HAL_TIM_OC_DelayElapsedCallback
 *fill*         0x08006022        0x2 
 .text.main     0x08006024       0x84 Src/main.o
                0x08006024                main
 .text.SystemClock_Config
                0x080060a8      0x168 Src/main.o
                0x080060a8                SystemClock_Config
 .text.MX_ADC3_Init
                0x08006210       0xa4 Src/main.o
 .text.MX_CRC_Init
                0x080062b4       0x44 Src/main.o
 .text.MX_DCMI_Init
                0x080062f8       0x68 Src/main.o
 .text.MX_DMA2D_Init
                0x08006360       0x64 Src/main.o
 .text.MX_I2C1_Init
                0x080063c4       0x80 Src/main.o
 .text.MX_I2C3_Init
                0x08006444       0x80 Src/main.o
 .text.MX_LTDC_Init
                0x080064c4      0x104 Src/main.o
 .text.MX_QUADSPI_Init
                0x080065c8       0x58 Src/main.o
 .text.MX_RTC_Init
                0x08006620      0x150 Src/main.o
 .text.MX_SAI2_Init
                0x08006770      0x150 Src/main.o
 .text.MX_SPDIFRX_Init
                0x080068c0       0x60 Src/main.o
 .text.MX_SPI2_Init
                0x08006920       0x7c Src/main.o
 .text.MX_TIM1_Init
                0x0800699c      0x150 Src/main.o
 .text.MX_TIM2_Init
                0x08006aec       0xec Src/main.o
 .text.MX_TIM3_Init
                0x08006bd8       0xec Src/main.o
 .text.MX_TIM5_Init
                0x08006cc4       0xec Src/main.o
 .text.MX_TIM8_Init
                0x08006db0       0xa4 Src/main.o
 .text.MX_TIM12_Init
                0x08006e54       0x88 Src/main.o
 .text.MX_USART1_UART_Init
                0x08006edc       0x60 Src/main.o
 .text.MX_USART6_UART_Init
                0x08006f3c       0x60 Src/main.o
 .text.MX_FMC_Init
                0x08006f9c       0xa0 Src/main.o
 .text.MX_GPIO_Init
                0x0800703c      0x488 Src/main.o
 .text.HAL_TIM_PeriodElapsedCallback
                0x080074c4       0x24 Src/main.o
                0x080074c4                HAL_TIM_PeriodElapsedCallback
 .text.Error_Handler
                0x080074e8        0xe Src/main.o
                0x080074e8                Error_Handler
 *fill*         0x080074f6        0x2 
 .text.HAL_MspInit
                0x080074f8       0x48 Src/stm32f7xx_hal_msp.o
                0x080074f8                HAL_MspInit
 .text.HAL_ADC_MspInit
                0x08007540       0xb4 Src/stm32f7xx_hal_msp.o
                0x08007540                HAL_ADC_MspInit
 .text.HAL_CRC_MspInit
                0x080075f4       0x40 Src/stm32f7xx_hal_msp.o
                0x080075f4                HAL_CRC_MspInit
 .text.HAL_DCMI_MspInit
                0x08007634      0x17c Src/stm32f7xx_hal_msp.o
                0x08007634                HAL_DCMI_MspInit
 .text.HAL_DMA2D_MspInit
                0x080077b0       0x4c Src/stm32f7xx_hal_msp.o
                0x080077b0                HAL_DMA2D_MspInit
 .text.HAL_I2C_MspInit
                0x080077fc       0xf0 Src/stm32f7xx_hal_msp.o
                0x080077fc                HAL_I2C_MspInit
 .text.HAL_LTDC_MspInit
                0x080078ec      0x190 Src/stm32f7xx_hal_msp.o
                0x080078ec                HAL_LTDC_MspInit
 .text.HAL_QSPI_MspInit
                0x08007a7c      0x120 Src/stm32f7xx_hal_msp.o
                0x08007a7c                HAL_QSPI_MspInit
 .text.HAL_RTC_MspInit
                0x08007b9c       0x34 Src/stm32f7xx_hal_msp.o
                0x08007b9c                HAL_RTC_MspInit
 .text.HAL_SPDIFRX_MspInit
                0x08007bd0       0x84 Src/stm32f7xx_hal_msp.o
                0x08007bd0                HAL_SPDIFRX_MspInit
 .text.HAL_SPI_MspInit
                0x08007c54       0xc4 Src/stm32f7xx_hal_msp.o
                0x08007c54                HAL_SPI_MspInit
 .text.HAL_TIM_Base_MspInit
                0x08007d18      0x124 Src/stm32f7xx_hal_msp.o
                0x08007d18                HAL_TIM_Base_MspInit
 .text.HAL_TIM_PWM_MspInit
                0x08007e3c       0x40 Src/stm32f7xx_hal_msp.o
                0x08007e3c                HAL_TIM_PWM_MspInit
 .text.HAL_TIM_MspPostInit
                0x08007e7c      0x150 Src/stm32f7xx_hal_msp.o
                0x08007e7c                HAL_TIM_MspPostInit
 .text.HAL_UART_MspInit
                0x08007fcc      0x128 Src/stm32f7xx_hal_msp.o
                0x08007fcc                HAL_UART_MspInit
 .text.HAL_FMC_MspInit
                0x080080f4      0x120 Src/stm32f7xx_hal_msp.o
 .text.HAL_SDRAM_MspInit
                0x08008214       0x14 Src/stm32f7xx_hal_msp.o
                0x08008214                HAL_SDRAM_MspInit
 .text.HAL_SAI_MspInit
                0x08008228       0xd4 Src/stm32f7xx_hal_msp.o
                0x08008228                HAL_SAI_MspInit
 .text.HAL_InitTick
                0x080082fc       0xb0 Src/stm32f7xx_hal_timebase_tim.o
                0x080082fc                HAL_InitTick
 .text.NMI_Handler
                0x080083ac        0xe Src/stm32f7xx_it.o
                0x080083ac                NMI_Handler
 .text.HardFault_Handler
                0x080083ba        0x6 Src/stm32f7xx_it.o
                0x080083ba                HardFault_Handler
 .text.MemManage_Handler
                0x080083c0        0x6 Src/stm32f7xx_it.o
                0x080083c0                MemManage_Handler
 .text.BusFault_Handler
                0x080083c6        0x6 Src/stm32f7xx_it.o
                0x080083c6                BusFault_Handler
 .text.UsageFault_Handler
                0x080083cc        0x6 Src/stm32f7xx_it.o
                0x080083cc                UsageFault_Handler
 .text.SVC_Handler
                0x080083d2        0xe Src/stm32f7xx_it.o
                0x080083d2                SVC_Handler
 .text.DebugMon_Handler
                0x080083e0        0xe Src/stm32f7xx_it.o
                0x080083e0                DebugMon_Handler
 .text.PendSV_Handler
                0x080083ee        0xe Src/stm32f7xx_it.o
                0x080083ee                PendSV_Handler
 .text.TIM6_DAC_IRQHandler
                0x080083fc       0x14 Src/stm32f7xx_it.o
                0x080083fc                TIM6_DAC_IRQHandler
 .text.LTDC_IRQHandler
                0x08008410       0x14 Src/stm32f7xx_it.o
                0x08008410                LTDC_IRQHandler
 .text.DMA2D_IRQHandler
                0x08008424       0x14 Src/stm32f7xx_it.o
                0x08008424                DMA2D_IRQHandler
 .text.SystemInit
                0x08008438       0x6c Src/system_stm32f7xx.o
                0x08008438                SystemInit
 .text.Reset_Handler
                0x080084a4       0x50 startup/startup_stm32f746xx.o
                0x080084a4                Reset_Handler
 .text.Default_Handler
                0x080084f4        0x2 startup/startup_stm32f746xx.o
                0x080084f4                RTC_Alarm_IRQHandler
                0x080084f4                EXTI2_IRQHandler
                0x080084f4                TIM8_CC_IRQHandler
                0x080084f4                UART8_IRQHandler
                0x080084f4                SPI4_IRQHandler
                0x080084f4                TIM1_CC_IRQHandler
                0x080084f4                DMA2_Stream5_IRQHandler
                0x080084f4                DMA1_Stream5_IRQHandler
                0x080084f4                SysTick_Handler
                0x080084f4                PVD_IRQHandler
                0x080084f4                TAMP_STAMP_IRQHandler
                0x080084f4                CAN2_RX1_IRQHandler
                0x080084f4                EXTI3_IRQHandler
                0x080084f4                TIM8_TRG_COM_TIM14_IRQHandler
                0x080084f4                TIM1_UP_TIM10_IRQHandler
                0x080084f4                TIM8_UP_TIM13_IRQHandler
                0x080084f4                I2C3_ER_IRQHandler
                0x080084f4                EXTI0_IRQHandler
                0x080084f4                I2C2_EV_IRQHandler
                0x080084f4                DMA1_Stream2_IRQHandler
                0x080084f4                CAN1_RX0_IRQHandler
                0x080084f4                FPU_IRQHandler
                0x080084f4                OTG_HS_WKUP_IRQHandler
                0x080084f4                LTDC_ER_IRQHandler
                0x080084f4                CAN2_SCE_IRQHandler
                0x080084f4                DMA2_Stream2_IRQHandler
                0x080084f4                SPI1_IRQHandler
                0x080084f4                TIM1_BRK_TIM9_IRQHandler
                0x080084f4                DCMI_IRQHandler
                0x080084f4                CAN2_RX0_IRQHandler
                0x080084f4                DMA2_Stream3_IRQHandler
                0x080084f4                SAI2_IRQHandler
                0x080084f4                USART6_IRQHandler
                0x080084f4                USART3_IRQHandler
                0x080084f4                CAN1_RX1_IRQHandler
                0x080084f4                UART5_IRQHandler
                0x080084f4                DMA2_Stream0_IRQHandler
                0x080084f4                TIM4_IRQHandler
                0x080084f4                QUADSPI_IRQHandler
                0x080084f4                I2C1_EV_IRQHandler
                0x080084f4                DMA1_Stream6_IRQHandler
                0x080084f4                DMA1_Stream1_IRQHandler
                0x080084f4                UART4_IRQHandler
                0x080084f4                TIM3_IRQHandler
                0x080084f4                RCC_IRQHandler
                0x080084f4                TIM8_BRK_TIM12_IRQHandler
                0x080084f4                Default_Handler
                0x080084f4                CEC_IRQHandler
                0x080084f4                EXTI15_10_IRQHandler
                0x080084f4                ADC_IRQHandler
                0x080084f4                DMA1_Stream7_IRQHandler
                0x080084f4                SPI5_IRQHandler
                0x080084f4                TIM7_IRQHandler
                0x080084f4                SDMMC1_IRQHandler
                0x080084f4                CAN2_TX_IRQHandler
                0x080084f4                TIM5_IRQHandler
                0x080084f4                DMA2_Stream7_IRQHandler
                0x080084f4                I2C3_EV_IRQHandler
                0x080084f4                EXTI9_5_IRQHandler
                0x080084f4                RTC_WKUP_IRQHandler
                0x080084f4                ETH_WKUP_IRQHandler
                0x080084f4                SPDIF_RX_IRQHandler
                0x080084f4                SPI2_IRQHandler
                0x080084f4                OTG_HS_EP1_IN_IRQHandler
                0x080084f4                DMA1_Stream0_IRQHandler
                0x080084f4                CAN1_TX_IRQHandler
                0x080084f4                EXTI4_IRQHandler
                0x080084f4                RNG_IRQHandler
                0x080084f4                ETH_IRQHandler
                0x080084f4                OTG_HS_EP1_OUT_IRQHandler
                0x080084f4                WWDG_IRQHandler
                0x080084f4                SPI6_IRQHandler
                0x080084f4                I2C4_EV_IRQHandler
                0x080084f4                TIM2_IRQHandler
                0x080084f4                OTG_FS_WKUP_IRQHandler
                0x080084f4                TIM1_TRG_COM_TIM11_IRQHandler
                0x080084f4                OTG_HS_IRQHandler
                0x080084f4                EXTI1_IRQHandler
                0x080084f4                UART7_IRQHandler
                0x080084f4                USART2_IRQHandler
                0x080084f4                I2C2_ER_IRQHandler
                0x080084f4                DMA2_Stream1_IRQHandler
                0x080084f4                CAN1_SCE_IRQHandler
                0x080084f4                FLASH_IRQHandler
                0x080084f4                DMA2_Stream4_IRQHandler
                0x080084f4                USART1_IRQHandler
                0x080084f4                OTG_FS_IRQHandler
                0x080084f4                SPI3_IRQHandler
                0x080084f4                DMA1_Stream4_IRQHandler
                0x080084f4                I2C1_ER_IRQHandler
                0x080084f4                FMC_IRQHandler
                0x080084f4                LPTIM1_IRQHandler
                0x080084f4                I2C4_ER_IRQHandler
                0x080084f4                DMA2_Stream6_IRQHandler
                0x080084f4                SAI1_IRQHandler
                0x080084f4                DMA1_Stream3_IRQHandler
 *fill*         0x080084f6        0x2 
 .text.__libc_init_array
                0x080084f8       0x48 c:/ac6/systemworkbench/plugins/fr.ac6.mcu.externaltools.arm-none.win32_1.17.0.201812190825/tools/compiler/bin/../lib/gcc/arm-none-eabi/7.3.1/../../../../arm-none-eabi/lib/thumb/v7e-m/fpv4-sp/hard\libc_nano.a(lib_a-init.o)
                0x080084f8                __libc_init_array
 .text.memset   0x08008540       0x10 c:/ac6/systemworkbench/plugins/fr.ac6.mcu.externaltools.arm-none.win32_1.17.0.201812190825/tools/compiler/bin/../lib/gcc/arm-none-eabi/7.3.1/../../../../arm-none-eabi/lib/thumb/v7e-m/fpv4-sp/hard\libc_nano.a(lib_a-memset.o)
                0x08008540                memset
 *(.glue_7)
 .glue_7        0x08008550        0x0 linker stubs
 *(.glue_7t)
 .glue_7t       0x08008550        0x0 linker stubs
 *(.eh_frame)
 .eh_frame      0x08008550        0x0 c:/ac6/systemworkbench/plugins/fr.ac6.mcu.externaltools.arm-none.win32_1.17.0.201812190825/tools/compiler/bin/../lib/gcc/arm-none-eabi/7.3.1/thumb/v7e-m/fpv4-sp/hard/crtbegin.o
 *(.init)
 .init          0x08008550        0x4 c:/ac6/systemworkbench/plugins/fr.ac6.mcu.externaltools.arm-none.win32_1.17.0.201812190825/tools/compiler/bin/../lib/gcc/arm-none-eabi/7.3.1/thumb/v7e-m/fpv4-sp/hard/crti.o
                0x08008550                _init
 .init          0x08008554        0x8 c:/ac6/systemworkbench/plugins/fr.ac6.mcu.externaltools.arm-none.win32_1.17.0.201812190825/tools/compiler/bin/../lib/gcc/arm-none-eabi/7.3.1/thumb/v7e-m/fpv4-sp/hard/crtn.o
 *(.fini)
 .fini          0x0800855c        0x4 c:/ac6/systemworkbench/plugins/fr.ac6.mcu.externaltools.arm-none.win32_1.17.0.201812190825/tools/compiler/bin/../lib/gcc/arm-none-eabi/7.3.1/thumb/v7e-m/fpv4-sp/hard/crti.o
                0x0800855c                _fini
 .fini          0x08008560        0x8 c:/ac6/systemworkbench/plugins/fr.ac6.mcu.externaltools.arm-none.win32_1.17.0.201812190825/tools/compiler/bin/../lib/gcc/arm-none-eabi/7.3.1/thumb/v7e-m/fpv4-sp/hard/crtn.o
                0x08008568                . = ALIGN (0x4)
                0x08008568                _etext = .

.vfp11_veneer   0x08008568        0x0
 .vfp11_veneer  0x08008568        0x0 linker stubs

.v4_bx          0x08008568        0x0
 .v4_bx         0x08008568        0x0 linker stubs

.iplt           0x08008568        0x0
 .iplt          0x08008568        0x0 c:/ac6/systemworkbench/plugins/fr.ac6.mcu.externaltools.arm-none.win32_1.17.0.201812190825/tools/compiler/bin/../lib/gcc/arm-none-eabi/7.3.1/thumb/v7e-m/fpv4-sp/hard/crtbegin.o

.rodata         0x08008568       0x18
                0x08008568                . = ALIGN (0x4)
 *(.rodata)
 .rodata        0x08008568       0x18 Src/system_stm32f7xx.o
                0x08008568                AHBPrescTable
                0x08008578                APBPrescTable
 *(.rodata*)
                0x08008580                . = ALIGN (0x4)

.ARM.extab
 *(.ARM.extab* .gnu.linkonce.armextab.*)

.ARM            0x08008580        0x8
                0x08008580                __exidx_start = .
 *(.ARM.exidx*)
 .ARM.exidx     0x08008580        0x8 c:/ac6/systemworkbench/plugins/fr.ac6.mcu.externaltools.arm-none.win32_1.17.0.201812190825/tools/compiler/bin/../lib/gcc/arm-none-eabi/7.3.1/thumb/v7e-m/fpv4-sp/hard\libgcc.a(_udivmoddi4.o)
                0x08008588                __exidx_end = .

.rel.dyn        0x08008588        0x0
 .rel.iplt      0x08008588        0x0 c:/ac6/systemworkbench/plugins/fr.ac6.mcu.externaltools.arm-none.win32_1.17.0.201812190825/tools/compiler/bin/../lib/gcc/arm-none-eabi/7.3.1/thumb/v7e-m/fpv4-sp/hard/crtbegin.o

.preinit_array  0x08008588        0x0
                0x08008588                PROVIDE (__preinit_array_start = .)
 *(.preinit_array*)
                0x08008588                PROVIDE (__preinit_array_end = .)

.init_array     0x08008588        0x4
                0x08008588                PROVIDE (__init_array_start = .)
 *(SORT_BY_NAME(.init_array.*))
 *(.init_array*)
 .init_array    0x08008588        0x4 c:/ac6/systemworkbench/plugins/fr.ac6.mcu.externaltools.arm-none.win32_1.17.0.201812190825/tools/compiler/bin/../lib/gcc/arm-none-eabi/7.3.1/thumb/v7e-m/fpv4-sp/hard/crtbegin.o
                0x0800858c                PROVIDE (__init_array_end = .)

.fini_array     0x0800858c        0x4
                [!provide]                PROVIDE (__fini_array_start = .)
 *(SORT_BY_NAME(.fini_array.*))
 *(.fini_array*)
 .fini_array    0x0800858c        0x4 c:/ac6/systemworkbench/plugins/fr.ac6.mcu.externaltools.arm-none.win32_1.17.0.201812190825/tools/compiler/bin/../lib/gcc/arm-none-eabi/7.3.1/thumb/v7e-m/fpv4-sp/hard/crtbegin.o
                [!provide]                PROVIDE (__fini_array_end = .)
                0x08008590                _sidata = LOADADDR (.data)

.data           0x20000000        0xc load address 0x08008590
                0x20000000                . = ALIGN (0x4)
                0x20000000                _sdata = .
 *(.data)
 .data          0x20000000        0x5 Drivers/STM32F7xx_HAL_Driver/Src/stm32f7xx_hal.o
                0x20000000                uwTickPrio
                0x20000004                uwTickFreq
 *fill*         0x20000005        0x3 
 .data          0x20000008        0x4 Src/system_stm32f7xx.o
                0x20000008                SystemCoreClock
 *(.data*)
                0x2000000c                . = ALIGN (0x4)
                0x2000000c                _edata = .

.igot.plt       0x2000000c        0x0 load address 0x0800859c
 .igot.plt      0x2000000c        0x0 c:/ac6/systemworkbench/plugins/fr.ac6.mcu.externaltools.arm-none.win32_1.17.0.201812190825/tools/compiler/bin/../lib/gcc/arm-none-eabi/7.3.1/thumb/v7e-m/fpv4-sp/hard/crtbegin.o
                0x2000000c                . = ALIGN (0x4)

.bss            0x2000000c      0x780 load address 0x0800859c
                0x2000000c                _sbss = .
                0x2000000c                __bss_start__ = _sbss
 *(.bss)
 .bss           0x2000000c       0x1c c:/ac6/systemworkbench/plugins/fr.ac6.mcu.externaltools.arm-none.win32_1.17.0.201812190825/tools/compiler/bin/../lib/gcc/arm-none-eabi/7.3.1/thumb/v7e-m/fpv4-sp/hard/crtbegin.o
 .bss           0x20000028        0xc Src/stm32f7xx_hal_msp.o
 *(.bss*)
 *(COMMON)
 COMMON         0x20000034        0x4 Drivers/STM32F7xx_HAL_Driver/Src/stm32f7xx_hal.o
                0x20000034                uwTick
 COMMON         0x20000038      0x714 Src/main.o
                0x20000038                hsai_BlockB2
                0x200000bc                hi2c3
                0x20000108                hspi2
                0x2000016c                htim8
                0x200001ac                hspdif
                0x200001f8                hsai_BlockA2
                0x2000027c                hi2c1
                0x200002c8                hcrc
                0x200002ec                htim5
                0x2000032c                htim3
                0x2000036c                hltdc
                0x20000414                hadc3
                0x2000045c                hdcmi
                0x200004ac                huart1
                0x2000052c                hrtc
                0x2000054c                htim1
                0x2000058c                huart6
                0x2000060c                hdma2d
                0x2000064c                htim2
                0x2000068c                htim12
                0x200006cc                hsdram1
                0x20000700                hqspi
 COMMON         0x2000074c       0x40 Src/stm32f7xx_hal_timebase_tim.o
                0x2000074c                htim6
                0x2000078c                . = ALIGN (0x4)
                0x2000078c                _ebss = .
                0x2000078c                __bss_end__ = _ebss

._user_heap_stack
                0x2000078c     0x2004 load address 0x0800859c
                0x20000790                . = ALIGN (0x8)
 *fill*         0x2000078c        0x4 
                0x20000790                PROVIDE (end = .)
                [!provide]                PROVIDE (_end = .)
                0x20001790                . = (. + _Min_Heap_Size)
 *fill*         0x20000790     0x1000 
                0x20002790                . = (. + _Min_Stack_Size)
 *fill*         0x20001790     0x1000 
                0x20002790                . = ALIGN (0x8)

/DISCARD/
 libc.a(*)
 libm.a(*)
 libgcc.a(*)

.ARM.attributes
                0x00000000       0x30
 *(.ARM.attributes)
 .ARM.attributes
                0x00000000       0x22 c:/ac6/systemworkbench/plugins/fr.ac6.mcu.externaltools.arm-none.win32_1.17.0.201812190825/tools/compiler/bin/../lib/gcc/arm-none-eabi/7.3.1/thumb/v7e-m/fpv4-sp/hard/crti.o
 .ARM.attributes
                0x00000022       0x34 c:/ac6/systemworkbench/plugins/fr.ac6.mcu.externaltools.arm-none.win32_1.17.0.201812190825/tools/compiler/bin/../lib/gcc/arm-none-eabi/7.3.1/thumb/v7e-m/fpv4-sp/hard/crtbegin.o
 .ARM.attributes
                0x00000056       0x39 Drivers/STM32F7xx_HAL_Driver/Src/stm32f7xx_hal.o
 .ARM.attributes
                0x0000008f       0x39 Drivers/STM32F7xx_HAL_Driver/Src/stm32f7xx_hal_adc.o
 .ARM.attributes
                0x000000c8       0x39 Drivers/STM32F7xx_HAL_Driver/Src/stm32f7xx_hal_cortex.o
 .ARM.attributes
                0x00000101       0x39 Drivers/STM32F7xx_HAL_Driver/Src/stm32f7xx_hal_crc.o
 .ARM.attributes
                0x0000013a       0x39 Drivers/STM32F7xx_HAL_Driver/Src/stm32f7xx_hal_crc_ex.o
 .ARM.attributes
                0x00000173       0x39 Drivers/STM32F7xx_HAL_Driver/Src/stm32f7xx_hal_dcmi.o
 .ARM.attributes
                0x000001ac       0x39 Drivers/STM32F7xx_HAL_Driver/Src/stm32f7xx_hal_dma2d.o
 .ARM.attributes
                0x000001e5       0x39 Drivers/STM32F7xx_HAL_Driver/Src/stm32f7xx_hal_gpio.o
 .ARM.attributes
                0x0000021e       0x39 Drivers/STM32F7xx_HAL_Driver/Src/stm32f7xx_hal_i2c.o
 .ARM.attributes
                0x00000257       0x39 Drivers/STM32F7xx_HAL_Driver/Src/stm32f7xx_hal_i2c_ex.o
 .ARM.attributes
                0x00000290       0x39 Drivers/STM32F7xx_HAL_Driver/Src/stm32f7xx_hal_ltdc.o
 .ARM.attributes
                0x000002c9       0x39 Drivers/STM32F7xx_HAL_Driver/Src/stm32f7xx_hal_pwr.o
 .ARM.attributes
                0x00000302       0x39 Drivers/STM32F7xx_HAL_Driver/Src/stm32f7xx_hal_qspi.o
 .ARM.attributes
                0x0000033b       0x39 Drivers/STM32F7xx_HAL_Driver/Src/stm32f7xx_hal_rcc.o
 .ARM.attributes
                0x00000374       0x39 Drivers/STM32F7xx_HAL_Driver/Src/stm32f7xx_hal_rcc_ex.o
 .ARM.attributes
                0x000003ad       0x39 Drivers/STM32F7xx_HAL_Driver/Src/stm32f7xx_hal_rtc.o
 .ARM.attributes
                0x000003e6       0x39 Drivers/STM32F7xx_HAL_Driver/Src/stm32f7xx_hal_rtc_ex.o
 .ARM.attributes
                0x0000041f       0x39 Drivers/STM32F7xx_HAL_Driver/Src/stm32f7xx_hal_sai.o
 .ARM.attributes
                0x00000458       0x39 Drivers/STM32F7xx_HAL_Driver/Src/stm32f7xx_hal_sdram.o
 .ARM.attributes
                0x00000491       0x39 Drivers/STM32F7xx_HAL_Driver/Src/stm32f7xx_hal_spdifrx.o
 .ARM.attributes
                0x000004ca       0x39 Drivers/STM32F7xx_HAL_Driver/Src/stm32f7xx_hal_spi.o
 .ARM.attributes
                0x00000503       0x39 Drivers/STM32F7xx_HAL_Driver/Src/stm32f7xx_hal_tim.o
 .ARM.attributes
                0x0000053c       0x39 Drivers/STM32F7xx_HAL_Driver/Src/stm32f7xx_hal_tim_ex.o
 .ARM.attributes
                0x00000575       0x39 Drivers/STM32F7xx_HAL_Driver/Src/stm32f7xx_hal_uart.o
 .ARM.attributes
                0x000005ae       0x39 Drivers/STM32F7xx_HAL_Driver/Src/stm32f7xx_ll_fmc.o
 .ARM.attributes
                0x000005e7       0x39 Src/isrs.o
 .ARM.attributes
                0x00000620       0x39 Src/main.o
 .ARM.attributes
                0x00000659       0x39 Src/stm32f7xx_hal_msp.o
 .ARM.attributes
                0x00000692       0x39 Src/stm32f7xx_hal_timebase_tim.o
 .ARM.attributes
                0x000006cb       0x39 Src/stm32f7xx_it.o
 .ARM.attributes
                0x00000704       0x39 Src/system_stm32f7xx.o
 .ARM.attributes
                0x0000073d       0x21 startup/startup_stm32f746xx.o
 .ARM.attributes
                0x0000075e       0x22 c:/ac6/systemworkbench/plugins/fr.ac6.mcu.externaltools.arm-none.win32_1.17.0.201812190825/tools/compiler/bin/../lib/gcc/arm-none-eabi/7.3.1/thumb/v7e-m/fpv4-sp/hard\libgcc.a(_aeabi_uldivmod.o)
 .ARM.attributes
                0x00000780       0x34 c:/ac6/systemworkbench/plugins/fr.ac6.mcu.externaltools.arm-none.win32_1.17.0.201812190825/tools/compiler/bin/../lib/gcc/arm-none-eabi/7.3.1/thumb/v7e-m/fpv4-sp/hard\libgcc.a(_udivmoddi4.o)
 .ARM.attributes
                0x000007b4       0x22 c:/ac6/systemworkbench/plugins/fr.ac6.mcu.externaltools.arm-none.win32_1.17.0.201812190825/tools/compiler/bin/../lib/gcc/arm-none-eabi/7.3.1/thumb/v7e-m/fpv4-sp/hard\libgcc.a(_dvmd_tls.o)
 .ARM.attributes
                0x000007d6       0x34 c:/ac6/systemworkbench/plugins/fr.ac6.mcu.externaltools.arm-none.win32_1.17.0.201812190825/tools/compiler/bin/../lib/gcc/arm-none-eabi/7.3.1/../../../../arm-none-eabi/lib/thumb/v7e-m/fpv4-sp/hard\libc_nano.a(lib_a-init.o)
 .ARM.attributes
                0x0000080a       0x34 c:/ac6/systemworkbench/plugins/fr.ac6.mcu.externaltools.arm-none.win32_1.17.0.201812190825/tools/compiler/bin/../lib/gcc/arm-none-eabi/7.3.1/../../../../arm-none-eabi/lib/thumb/v7e-m/fpv4-sp/hard\libc_nano.a(lib_a-memset.o)
 .ARM.attributes
                0x0000083e       0x22 c:/ac6/systemworkbench/plugins/fr.ac6.mcu.externaltools.arm-none.win32_1.17.0.201812190825/tools/compiler/bin/../lib/gcc/arm-none-eabi/7.3.1/thumb/v7e-m/fpv4-sp/hard/crtn.o
OUTPUT(Oscillo.elf elf32-littlearm)

.debug_info     0x00000000    0x208ba
 .debug_info    0x00000000      0x9c4 Drivers/STM32F7xx_HAL_Driver/Src/stm32f7xx_hal.o
 .debug_info    0x000009c4      0xc9d Drivers/STM32F7xx_HAL_Driver/Src/stm32f7xx_hal_adc.o
 .debug_info    0x00001661     0x104a Drivers/STM32F7xx_HAL_Driver/Src/stm32f7xx_hal_cortex.o
 .debug_info    0x000026ab      0x5dc Drivers/STM32F7xx_HAL_Driver/Src/stm32f7xx_hal_crc.o
 .debug_info    0x00002c87      0x426 Drivers/STM32F7xx_HAL_Driver/Src/stm32f7xx_hal_crc_ex.o
 .debug_info    0x000030ad      0xa81 Drivers/STM32F7xx_HAL_Driver/Src/stm32f7xx_hal_dcmi.o
 .debug_info    0x00003b2e      0xee9 Drivers/STM32F7xx_HAL_Driver/Src/stm32f7xx_hal_dma2d.o
 .debug_info    0x00004a17      0x7dc Drivers/STM32F7xx_HAL_Driver/Src/stm32f7xx_hal_gpio.o
 .debug_info    0x000051f3     0x1fb9 Drivers/STM32F7xx_HAL_Driver/Src/stm32f7xx_hal_i2c.o
 .debug_info    0x000071ac      0x738 Drivers/STM32F7xx_HAL_Driver/Src/stm32f7xx_hal_i2c_ex.o
 .debug_info    0x000078e4     0x1104 Drivers/STM32F7xx_HAL_Driver/Src/stm32f7xx_hal_ltdc.o
 .debug_info    0x000089e8      0x9b4 Drivers/STM32F7xx_HAL_Driver/Src/stm32f7xx_hal_pwr.o
 .debug_info    0x0000939c     0x1224 Drivers/STM32F7xx_HAL_Driver/Src/stm32f7xx_hal_qspi.o
 .debug_info    0x0000a5c0      0x926 Drivers/STM32F7xx_HAL_Driver/Src/stm32f7xx_hal_rcc.o
 .debug_info    0x0000aee6      0x7ad Drivers/STM32F7xx_HAL_Driver/Src/stm32f7xx_hal_rcc_ex.o
 .debug_info    0x0000b693      0xc56 Drivers/STM32F7xx_HAL_Driver/Src/stm32f7xx_hal_rtc.o
 .debug_info    0x0000c2e9      0xff7 Drivers/STM32F7xx_HAL_Driver/Src/stm32f7xx_hal_rtc_ex.o
 .debug_info    0x0000d2e0     0x114e Drivers/STM32F7xx_HAL_Driver/Src/stm32f7xx_hal_sai.o
 .debug_info    0x0000e42e      0xca1 Drivers/STM32F7xx_HAL_Driver/Src/stm32f7xx_hal_sdram.o
 .debug_info    0x0000f0cf      0xd70 Drivers/STM32F7xx_HAL_Driver/Src/stm32f7xx_hal_spdifrx.o
 .debug_info    0x0000fe3f     0x166a Drivers/STM32F7xx_HAL_Driver/Src/stm32f7xx_hal_spi.o
 .debug_info    0x000114a9     0x25a0 Drivers/STM32F7xx_HAL_Driver/Src/stm32f7xx_hal_tim.o
 .debug_info    0x00013a49     0x121c Drivers/STM32F7xx_HAL_Driver/Src/stm32f7xx_hal_tim_ex.o
 .debug_info    0x00014c65     0x1639 Drivers/STM32F7xx_HAL_Driver/Src/stm32f7xx_hal_uart.o
 .debug_info    0x0001629e      0xccd Drivers/STM32F7xx_HAL_Driver/Src/stm32f7xx_ll_fmc.o
 .debug_info    0x00016f6b      0x96a Src/isrs.o
 .debug_info    0x000178d5     0x3735 Src/main.o
 .debug_info    0x0001b00a     0x37f5 Src/stm32f7xx_hal_msp.o
 .debug_info    0x0001e7ff      0xbe7 Src/stm32f7xx_hal_timebase_tim.o
 .debug_info    0x0001f3e6      0xd75 Src/stm32f7xx_it.o
 .debug_info    0x0002015b      0x73d Src/system_stm32f7xx.o
 .debug_info    0x00020898       0x22 startup/startup_stm32f746xx.o

.debug_abbrev   0x00000000     0x3bfb
 .debug_abbrev  0x00000000      0x1c7 Drivers/STM32F7xx_HAL_Driver/Src/stm32f7xx_hal.o
 .debug_abbrev  0x000001c7      0x205 Drivers/STM32F7xx_HAL_Driver/Src/stm32f7xx_hal_adc.o
 .debug_abbrev  0x000003cc      0x2fa Drivers/STM32F7xx_HAL_Driver/Src/stm32f7xx_hal_cortex.o
 .debug_abbrev  0x000006c6      0x1d1 Drivers/STM32F7xx_HAL_Driver/Src/stm32f7xx_hal_crc.o
 .debug_abbrev  0x00000897      0x165 Drivers/STM32F7xx_HAL_Driver/Src/stm32f7xx_hal_crc_ex.o
 .debug_abbrev  0x000009fc      0x202 Drivers/STM32F7xx_HAL_Driver/Src/stm32f7xx_hal_dcmi.o
 .debug_abbrev  0x00000bfe      0x211 Drivers/STM32F7xx_HAL_Driver/Src/stm32f7xx_hal_dma2d.o
 .debug_abbrev  0x00000e0f      0x1c9 Drivers/STM32F7xx_HAL_Driver/Src/stm32f7xx_hal_gpio.o
 .debug_abbrev  0x00000fd8      0x22a Drivers/STM32F7xx_HAL_Driver/Src/stm32f7xx_hal_i2c.o
 .debug_abbrev  0x00001202      0x178 Drivers/STM32F7xx_HAL_Driver/Src/stm32f7xx_hal_i2c_ex.o
 .debug_abbrev  0x0000137a      0x209 Drivers/STM32F7xx_HAL_Driver/Src/stm32f7xx_hal_ltdc.o
 .debug_abbrev  0x00001583      0x1b6 Drivers/STM32F7xx_HAL_Driver/Src/stm32f7xx_hal_pwr.o
 .debug_abbrev  0x00001739      0x22e Drivers/STM32F7xx_HAL_Driver/Src/stm32f7xx_hal_qspi.o
 .debug_abbrev  0x00001967      0x21a Drivers/STM32F7xx_HAL_Driver/Src/stm32f7xx_hal_rcc.o
 .debug_abbrev  0x00001b81      0x1ad Drivers/STM32F7xx_HAL_Driver/Src/stm32f7xx_hal_rcc_ex.o
 .debug_abbrev  0x00001d2e      0x1be Drivers/STM32F7xx_HAL_Driver/Src/stm32f7xx_hal_rtc.o
 .debug_abbrev  0x00001eec      0x1e9 Drivers/STM32F7xx_HAL_Driver/Src/stm32f7xx_hal_rtc_ex.o
 .debug_abbrev  0x000020d5      0x236 Drivers/STM32F7xx_HAL_Driver/Src/stm32f7xx_hal_sai.o
 .debug_abbrev  0x0000230b      0x1f7 Drivers/STM32F7xx_HAL_Driver/Src/stm32f7xx_hal_sdram.o
 .debug_abbrev  0x00002502      0x216 Drivers/STM32F7xx_HAL_Driver/Src/stm32f7xx_hal_spdifrx.o
 .debug_abbrev  0x00002718      0x228 Drivers/STM32F7xx_HAL_Driver/Src/stm32f7xx_hal_spi.o
 .debug_abbrev  0x00002940      0x230 Drivers/STM32F7xx_HAL_Driver/Src/stm32f7xx_hal_tim.o
 .debug_abbrev  0x00002b70      0x21e Drivers/STM32F7xx_HAL_Driver/Src/stm32f7xx_hal_tim_ex.o
 .debug_abbrev  0x00002d8e      0x205 Drivers/STM32F7xx_HAL_Driver/Src/stm32f7xx_hal_uart.o
 .debug_abbrev  0x00002f93      0x170 Drivers/STM32F7xx_HAL_Driver/Src/stm32f7xx_ll_fmc.o
 .debug_abbrev  0x00003103      0x1c2 Src/isrs.o
 .debug_abbrev  0x000032c5      0x24d Src/main.o
 .debug_abbrev  0x00003512      0x26e Src/stm32f7xx_hal_msp.o
 .debug_abbrev  0x00003780      0x19d Src/stm32f7xx_hal_timebase_tim.o
 .debug_abbrev  0x0000391d      0x185 Src/stm32f7xx_it.o
 .debug_abbrev  0x00003aa2      0x147 Src/system_stm32f7xx.o
 .debug_abbrev  0x00003be9       0x12 startup/startup_stm32f746xx.o

.debug_aranges  0x00000000     0x1e98
 .debug_aranges
                0x00000000      0x100 Drivers/STM32F7xx_HAL_Driver/Src/stm32f7xx_hal.o
 .debug_aranges
                0x00000100       0xe8 Drivers/STM32F7xx_HAL_Driver/Src/stm32f7xx_hal_adc.o
 .debug_aranges
                0x000001e8      0x118 Drivers/STM32F7xx_HAL_Driver/Src/stm32f7xx_hal_cortex.o
 .debug_aranges
                0x00000300       0x60 Drivers/STM32F7xx_HAL_Driver/Src/stm32f7xx_hal_crc.o
 .debug_aranges
                0x00000360       0x30 Drivers/STM32F7xx_HAL_Driver/Src/stm32f7xx_hal_crc_ex.o
 .debug_aranges
                0x00000390       0xb8 Drivers/STM32F7xx_HAL_Driver/Src/stm32f7xx_hal_dcmi.o
 .debug_aranges
                0x00000448      0x108 Drivers/STM32F7xx_HAL_Driver/Src/stm32f7xx_hal_dma2d.o
 .debug_aranges
                0x00000550       0x58 Drivers/STM32F7xx_HAL_Driver/Src/stm32f7xx_hal_gpio.o
 .debug_aranges
                0x000005a8      0x288 Drivers/STM32F7xx_HAL_Driver/Src/stm32f7xx_hal_i2c.o
 .debug_aranges
                0x00000830       0x28 Drivers/STM32F7xx_HAL_Driver/Src/stm32f7xx_hal_i2c_ex.o
 .debug_aranges
                0x00000858      0x158 Drivers/STM32F7xx_HAL_Driver/Src/stm32f7xx_hal_ltdc.o
 .debug_aranges
                0x000009b0       0xa0 Drivers/STM32F7xx_HAL_Driver/Src/stm32f7xx_hal_pwr.o
 .debug_aranges
                0x00000a50      0x160 Drivers/STM32F7xx_HAL_Driver/Src/stm32f7xx_hal_qspi.o
 .debug_aranges
                0x00000bb0       0x88 Drivers/STM32F7xx_HAL_Driver/Src/stm32f7xx_hal_rcc.o
 .debug_aranges
                0x00000c38       0x50 Drivers/STM32F7xx_HAL_Driver/Src/stm32f7xx_hal_rcc_ex.o
 .debug_aranges
                0x00000c88       0xb8 Drivers/STM32F7xx_HAL_Driver/Src/stm32f7xx_hal_rtc.o
 .debug_aranges
                0x00000d40      0x140 Drivers/STM32F7xx_HAL_Driver/Src/stm32f7xx_hal_rtc_ex.o
 .debug_aranges
                0x00000e80      0x178 Drivers/STM32F7xx_HAL_Driver/Src/stm32f7xx_hal_sai.o
 .debug_aranges
                0x00000ff8       0xd0 Drivers/STM32F7xx_HAL_Driver/Src/stm32f7xx_hal_sdram.o
 .debug_aranges
                0x000010c8       0xf8 Drivers/STM32F7xx_HAL_Driver/Src/stm32f7xx_hal_spdifrx.o
 .debug_aranges
                0x000011c0      0x1d8 Drivers/STM32F7xx_HAL_Driver/Src/stm32f7xx_hal_spi.o
 .debug_aranges
                0x00001398      0x3b8 Drivers/STM32F7xx_HAL_Driver/Src/stm32f7xx_hal_tim.o
 .debug_aranges
                0x00001750      0x160 Drivers/STM32F7xx_HAL_Driver/Src/stm32f7xx_hal_tim_ex.o
 .debug_aranges
                0x000018b0      0x1f8 Drivers/STM32F7xx_HAL_Driver/Src/stm32f7xx_hal_uart.o
 .debug_aranges
                0x00001aa8       0xc8 Drivers/STM32F7xx_HAL_Driver/Src/stm32f7xx_ll_fmc.o
 .debug_aranges
                0x00001b70       0x28 Src/isrs.o
 .debug_aranges
                0x00001b98       0xe8 Src/main.o
 .debug_aranges
                0x00001c80      0x128 Src/stm32f7xx_hal_msp.o
 .debug_aranges
                0x00001da8       0x30 Src/stm32f7xx_hal_timebase_tim.o
 .debug_aranges
                0x00001dd8       0x70 Src/stm32f7xx_it.o
 .debug_aranges
                0x00001e48       0x28 Src/system_stm32f7xx.o
 .debug_aranges
                0x00001e70       0x28 startup/startup_stm32f746xx.o

.debug_ranges   0x00000000     0x1cb8
 .debug_ranges  0x00000000       0xf0 Drivers/STM32F7xx_HAL_Driver/Src/stm32f7xx_hal.o
 .debug_ranges  0x000000f0       0xd8 Drivers/STM32F7xx_HAL_Driver/Src/stm32f7xx_hal_adc.o
 .debug_ranges  0x000001c8      0x108 Drivers/STM32F7xx_HAL_Driver/Src/stm32f7xx_hal_cortex.o
 .debug_ranges  0x000002d0       0x50 Drivers/STM32F7xx_HAL_Driver/Src/stm32f7xx_hal_crc.o
 .debug_ranges  0x00000320       0x20 Drivers/STM32F7xx_HAL_Driver/Src/stm32f7xx_hal_crc_ex.o
 .debug_ranges  0x00000340       0xa8 Drivers/STM32F7xx_HAL_Driver/Src/stm32f7xx_hal_dcmi.o
 .debug_ranges  0x000003e8       0xf8 Drivers/STM32F7xx_HAL_Driver/Src/stm32f7xx_hal_dma2d.o
 .debug_ranges  0x000004e0       0x48 Drivers/STM32F7xx_HAL_Driver/Src/stm32f7xx_hal_gpio.o
 .debug_ranges  0x00000528      0x278 Drivers/STM32F7xx_HAL_Driver/Src/stm32f7xx_hal_i2c.o
 .debug_ranges  0x000007a0       0x18 Drivers/STM32F7xx_HAL_Driver/Src/stm32f7xx_hal_i2c_ex.o
 .debug_ranges  0x000007b8      0x148 Drivers/STM32F7xx_HAL_Driver/Src/stm32f7xx_hal_ltdc.o
 .debug_ranges  0x00000900       0x90 Drivers/STM32F7xx_HAL_Driver/Src/stm32f7xx_hal_pwr.o
 .debug_ranges  0x00000990      0x150 Drivers/STM32F7xx_HAL_Driver/Src/stm32f7xx_hal_qspi.o
 .debug_ranges  0x00000ae0       0x78 Drivers/STM32F7xx_HAL_Driver/Src/stm32f7xx_hal_rcc.o
 .debug_ranges  0x00000b58       0x40 Drivers/STM32F7xx_HAL_Driver/Src/stm32f7xx_hal_rcc_ex.o
 .debug_ranges  0x00000b98       0xa8 Drivers/STM32F7xx_HAL_Driver/Src/stm32f7xx_hal_rtc.o
 .debug_ranges  0x00000c40      0x130 Drivers/STM32F7xx_HAL_Driver/Src/stm32f7xx_hal_rtc_ex.o
 .debug_ranges  0x00000d70      0x180 Drivers/STM32F7xx_HAL_Driver/Src/stm32f7xx_hal_sai.o
 .debug_ranges  0x00000ef0       0xc0 Drivers/STM32F7xx_HAL_Driver/Src/stm32f7xx_hal_sdram.o
 .debug_ranges  0x00000fb0       0xe8 Drivers/STM32F7xx_HAL_Driver/Src/stm32f7xx_hal_spdifrx.o
 .debug_ranges  0x00001098      0x1c8 Drivers/STM32F7xx_HAL_Driver/Src/stm32f7xx_hal_spi.o
 .debug_ranges  0x00001260      0x3a8 Drivers/STM32F7xx_HAL_Driver/Src/stm32f7xx_hal_tim.o
 .debug_ranges  0x00001608      0x150 Drivers/STM32F7xx_HAL_Driver/Src/stm32f7xx_hal_tim_ex.o
 .debug_ranges  0x00001758      0x1e8 Drivers/STM32F7xx_HAL_Driver/Src/stm32f7xx_hal_uart.o
 .debug_ranges  0x00001940       0xb8 Drivers/STM32F7xx_HAL_Driver/Src/stm32f7xx_ll_fmc.o
 .debug_ranges  0x000019f8       0x18 Src/isrs.o
 .debug_ranges  0x00001a10       0xd8 Src/main.o
 .debug_ranges  0x00001ae8      0x118 Src/stm32f7xx_hal_msp.o
 .debug_ranges  0x00001c00       0x20 Src/stm32f7xx_hal_timebase_tim.o
 .debug_ranges  0x00001c20       0x60 Src/stm32f7xx_it.o
 .debug_ranges  0x00001c80       0x18 Src/system_stm32f7xx.o
 .debug_ranges  0x00001c98       0x20 startup/startup_stm32f746xx.o

.debug_macro    0x00000000    0x2d67b
 .debug_macro   0x00000000      0x2c9 Drivers/STM32F7xx_HAL_Driver/Src/stm32f7xx_hal.o
 .debug_macro   0x000002c9      0xa60 Drivers/STM32F7xx_HAL_Driver/Src/stm32f7xx_hal.o
 .debug_macro   0x00000d29      0x1cb Drivers/STM32F7xx_HAL_Driver/Src/stm32f7xx_hal.o
 .debug_macro   0x00000ef4       0x2e Drivers/STM32F7xx_HAL_Driver/Src/stm32f7xx_hal.o
 .debug_macro   0x00000f22       0x3b Drivers/STM32F7xx_HAL_Driver/Src/stm32f7xx_hal.o
 .debug_macro   0x00000f5d       0x22 Drivers/STM32F7xx_HAL_Driver/Src/stm32f7xx_hal.o
 .debug_macro   0x00000f7f       0x8e Drivers/STM32F7xx_HAL_Driver/Src/stm32f7xx_hal.o
 .debug_macro   0x0000100d       0x51 Drivers/STM32F7xx_HAL_Driver/Src/stm32f7xx_hal.o
 .debug_macro   0x0000105e       0xef Drivers/STM32F7xx_HAL_Driver/Src/stm32f7xx_hal.o
 .debug_macro   0x0000114d       0x6a Drivers/STM32F7xx_HAL_Driver/Src/stm32f7xx_hal.o
 .debug_macro   0x000011b7      0x1df Drivers/STM32F7xx_HAL_Driver/Src/stm32f7xx_hal.o
 .debug_macro   0x00001396       0x1c Drivers/STM32F7xx_HAL_Driver/Src/stm32f7xx_hal.o
 .debug_macro   0x000013b2       0x22 Drivers/STM32F7xx_HAL_Driver/Src/stm32f7xx_hal.o
 .debug_macro   0x000013d4       0xdf Drivers/STM32F7xx_HAL_Driver/Src/stm32f7xx_hal.o
 .debug_macro   0x000014b3     0x12cd Drivers/STM32F7xx_HAL_Driver/Src/stm32f7xx_hal.o
 .debug_macro   0x00002780      0x11f Drivers/STM32F7xx_HAL_Driver/Src/stm32f7xx_hal.o
 .debug_macro   0x0000289f       0x19 Drivers/STM32F7xx_HAL_Driver/Src/stm32f7xx_hal.o
 .debug_macro   0x000028b8    0x1882d Drivers/STM32F7xx_HAL_Driver/Src/stm32f7xx_hal.o
 .debug_macro   0x0001b0e5       0x43 Drivers/STM32F7xx_HAL_Driver/Src/stm32f7xx_hal.o
 .debug_macro   0x0001b128     0x363d Drivers/STM32F7xx_HAL_Driver/Src/stm32f7xx_hal.o
 .debug_macro   0x0001e765      0x174 Drivers/STM32F7xx_HAL_Driver/Src/stm32f7xx_hal.o
 .debug_macro   0x0001e8d9       0x55 Drivers/STM32F7xx_HAL_Driver/Src/stm32f7xx_hal.o
 .debug_macro   0x0001e92e     0x18ad Drivers/STM32F7xx_HAL_Driver/Src/stm32f7xx_hal.o
 .debug_macro   0x000201db      0x6c4 Drivers/STM32F7xx_HAL_Driver/Src/stm32f7xx_hal.o
 .debug_macro   0x0002089f      0x103 Drivers/STM32F7xx_HAL_Driver/Src/stm32f7xx_hal.o
 .debug_macro   0x000209a2      0x117 Drivers/STM32F7xx_HAL_Driver/Src/stm32f7xx_hal.o
 .debug_macro   0x00020ab9      0x1fe Drivers/STM32F7xx_HAL_Driver/Src/stm32f7xx_hal.o
 .debug_macro   0x00020cb7       0x27 Drivers/STM32F7xx_HAL_Driver/Src/stm32f7xx_hal.o
 .debug_macro   0x00020cde      0x24f Drivers/STM32F7xx_HAL_Driver/Src/stm32f7xx_hal.o
 .debug_macro   0x00020f2d       0x41 Drivers/STM32F7xx_HAL_Driver/Src/stm32f7xx_hal.o
 .debug_macro   0x00020f6e       0x58 Drivers/STM32F7xx_HAL_Driver/Src/stm32f7xx_hal.o
 .debug_macro   0x00020fc6      0x236 Drivers/STM32F7xx_HAL_Driver/Src/stm32f7xx_hal.o
 .debug_macro   0x000211fc      0x408 Drivers/STM32F7xx_HAL_Driver/Src/stm32f7xx_hal.o
 .debug_macro   0x00021604      0x161 Drivers/STM32F7xx_HAL_Driver/Src/stm32f7xx_hal.o
 .debug_macro   0x00021765      0x100 Drivers/STM32F7xx_HAL_Driver/Src/stm32f7xx_hal.o
 .debug_macro   0x00021865       0xd5 Drivers/STM32F7xx_HAL_Driver/Src/stm32f7xx_hal.o
 .debug_macro   0x0002193a       0x4c Drivers/STM32F7xx_HAL_Driver/Src/stm32f7xx_hal.o
 .debug_macro   0x00021986      0x20f Drivers/STM32F7xx_HAL_Driver/Src/stm32f7xx_hal.o
 .debug_macro   0x00021b95      0x22c Drivers/STM32F7xx_HAL_Driver/Src/stm32f7xx_hal.o
 .debug_macro   0x00021dc1      0x14f Drivers/STM32F7xx_HAL_Driver/Src/stm32f7xx_hal.o
 .debug_macro   0x00021f10      0x25b Drivers/STM32F7xx_HAL_Driver/Src/stm32f7xx_hal.o
 .debug_macro   0x0002216b       0x12 Drivers/STM32F7xx_HAL_Driver/Src/stm32f7xx_hal.o
 .debug_macro   0x0002217d      0x514 Drivers/STM32F7xx_HAL_Driver/Src/stm32f7xx_hal.o
 .debug_macro   0x00022691      0x22c Drivers/STM32F7xx_HAL_Driver/Src/stm32f7xx_hal.o
 .debug_macro   0x000228bd       0x5a Drivers/STM32F7xx_HAL_Driver/Src/stm32f7xx_hal.o
 .debug_macro   0x00022917       0xa5 Drivers/STM32F7xx_HAL_Driver/Src/stm32f7xx_hal.o
 .debug_macro   0x000229bc      0x198 Drivers/STM32F7xx_HAL_Driver/Src/stm32f7xx_hal.o
 .debug_macro   0x00022b54       0xd6 Drivers/STM32F7xx_HAL_Driver/Src/stm32f7xx_hal.o
 .debug_macro   0x00022c2a      0x12f Drivers/STM32F7xx_HAL_Driver/Src/stm32f7xx_hal.o
 .debug_macro   0x00022d59      0x108 Drivers/STM32F7xx_HAL_Driver/Src/stm32f7xx_hal.o
 .debug_macro   0x00022e61       0x35 Drivers/STM32F7xx_HAL_Driver/Src/stm32f7xx_hal.o
 .debug_macro   0x00022e96      0x2e2 Drivers/STM32F7xx_HAL_Driver/Src/stm32f7xx_hal.o
 .debug_macro   0x00023178      0x313 Drivers/STM32F7xx_HAL_Driver/Src/stm32f7xx_hal.o
 .debug_macro   0x0002348b      0x4ca Drivers/STM32F7xx_HAL_Driver/Src/stm32f7xx_hal.o
 .debug_macro   0x00023955       0xd6 Drivers/STM32F7xx_HAL_Driver/Src/stm32f7xx_hal.o
 .debug_macro   0x00023a2b      0x447 Drivers/STM32F7xx_HAL_Driver/Src/stm32f7xx_hal.o
 .debug_macro   0x00023e72      0x1ed Drivers/STM32F7xx_HAL_Driver/Src/stm32f7xx_hal.o
 .debug_macro   0x0002405f      0x2fe Drivers/STM32F7xx_HAL_Driver/Src/stm32f7xx_hal.o
 .debug_macro   0x0002435d      0x9e2 Drivers/STM32F7xx_HAL_Driver/Src/stm32f7xx_hal.o
 .debug_macro   0x00024d3f       0x59 Drivers/STM32F7xx_HAL_Driver/Src/stm32f7xx_hal.o
 .debug_macro   0x00024d98      0x519 Drivers/STM32F7xx_HAL_Driver/Src/stm32f7xx_hal.o
 .debug_macro   0x000252b1       0x44 Drivers/STM32F7xx_HAL_Driver/Src/stm32f7xx_hal.o
 .debug_macro   0x000252f5      0x14e Drivers/STM32F7xx_HAL_Driver/Src/stm32f7xx_hal.o
 .debug_macro   0x00025443      0x2a6 Drivers/STM32F7xx_HAL_Driver/Src/stm32f7xx_hal_adc.o
 .debug_macro   0x000256e9      0x2a5 Drivers/STM32F7xx_HAL_Driver/Src/stm32f7xx_hal_cortex.o
 .debug_macro   0x0002598e      0x2a5 Drivers/STM32F7xx_HAL_Driver/Src/stm32f7xx_hal_crc.o
 .debug_macro   0x00025c33      0x2a5 Drivers/STM32F7xx_HAL_Driver/Src/stm32f7xx_hal_crc_ex.o
 .debug_macro   0x00025ed8      0x2ac Drivers/STM32F7xx_HAL_Driver/Src/stm32f7xx_hal_dcmi.o
 .debug_macro   0x00026184      0x2b4 Drivers/STM32F7xx_HAL_Driver/Src/stm32f7xx_hal_dma2d.o
 .debug_macro   0x00026438      0x2db Drivers/STM32F7xx_HAL_Driver/Src/stm32f7xx_hal_gpio.o
 .debug_macro   0x00026713      0x36a Drivers/STM32F7xx_HAL_Driver/Src/stm32f7xx_hal_i2c.o
 .debug_macro   0x00026a7d      0x2a5 Drivers/STM32F7xx_HAL_Driver/Src/stm32f7xx_hal_i2c_ex.o
 .debug_macro   0x00026d22      0x2a6 Drivers/STM32F7xx_HAL_Driver/Src/stm32f7xx_hal_ltdc.o
 .debug_macro   0x00026fc8      0x2c3 Drivers/STM32F7xx_HAL_Driver/Src/stm32f7xx_hal_pwr.o
 .debug_macro   0x0002728b      0x2c9 Drivers/STM32F7xx_HAL_Driver/Src/stm32f7xx_hal_qspi.o
 .debug_macro   0x00027554      0x2c9 Drivers/STM32F7xx_HAL_Driver/Src/stm32f7xx_hal_rcc.o
 .debug_macro   0x0002781d      0x2a5 Drivers/STM32F7xx_HAL_Driver/Src/stm32f7xx_hal_rcc_ex.o
 .debug_macro   0x00027ac2      0x2a6 Drivers/STM32F7xx_HAL_Driver/Src/stm32f7xx_hal_rtc.o
 .debug_macro   0x00027d68      0x2a5 Drivers/STM32F7xx_HAL_Driver/Src/stm32f7xx_hal_rtc_ex.o
 .debug_macro   0x0002800d      0x2b4 Drivers/STM32F7xx_HAL_Driver/Src/stm32f7xx_hal_sai.o
 .debug_macro   0x000282c1      0x2a5 Drivers/STM32F7xx_HAL_Driver/Src/stm32f7xx_hal_sdram.o
 .debug_macro   0x00028566      0x2ad Drivers/STM32F7xx_HAL_Driver/Src/stm32f7xx_hal_spdifrx.o
 .debug_macro   0x00028813      0x2ad Drivers/STM32F7xx_HAL_Driver/Src/stm32f7xx_hal_spi.o
 .debug_macro   0x00028ac0      0x2a6 Drivers/STM32F7xx_HAL_Driver/Src/stm32f7xx_hal_tim.o
 .debug_macro   0x00028d66      0x2a5 Drivers/STM32F7xx_HAL_Driver/Src/stm32f7xx_hal_tim_ex.o
 .debug_macro   0x0002900b      0x2c2 Drivers/STM32F7xx_HAL_Driver/Src/stm32f7xx_hal_uart.o
 .debug_macro   0x000292cd      0x2a5 Drivers/STM32F7xx_HAL_Driver/Src/stm32f7xx_ll_fmc.o
 .debug_macro   0x00029572      0x2b3 Src/isrs.o
 .debug_macro   0x00029825      0xb38 Src/isrs.o
 .debug_macro   0x0002a35d       0x1c Src/isrs.o
 .debug_macro   0x0002a379     0x12cd Src/isrs.o
 .debug_macro   0x0002b646      0x17b Src/isrs.o
 .debug_macro   0x0002b7c1      0x8a5 Src/isrs.o
 .debug_macro   0x0002c066      0x2b4 Src/main.o
 .debug_macro   0x0002c31a      0x89f Src/main.o
 .debug_macro   0x0002cbb9      0x2b4 Src/stm32f7xx_hal_msp.o
 .debug_macro   0x0002ce6d      0x2a5 Src/stm32f7xx_hal_timebase_tim.o
 .debug_macro   0x0002d112      0x2be Src/stm32f7xx_it.o
 .debug_macro   0x0002d3d0      0x2ab Src/system_stm32f7xx.o

.debug_line     0x00000000    0x1a39b
 .debug_line    0x00000000      0xad7 Drivers/STM32F7xx_HAL_Driver/Src/stm32f7xx_hal.o
 .debug_line    0x00000ad7      0xcee Drivers/STM32F7xx_HAL_Driver/Src/stm32f7xx_hal_adc.o
 .debug_line    0x000017c5      0xbdb Drivers/STM32F7xx_HAL_Driver/Src/stm32f7xx_hal_cortex.o
 .debug_line    0x000023a0      0xa08 Drivers/STM32F7xx_HAL_Driver/Src/stm32f7xx_hal_crc.o
 .debug_line    0x00002da8      0x916 Drivers/STM32F7xx_HAL_Driver/Src/stm32f7xx_hal_crc_ex.o
 .debug_line    0x000036be      0xb8f Drivers/STM32F7xx_HAL_Driver/Src/stm32f7xx_hal_dcmi.o
 .debug_line    0x0000424d      0xe13 Drivers/STM32F7xx_HAL_Driver/Src/stm32f7xx_hal_dma2d.o
 .debug_line    0x00005060      0xabf Drivers/STM32F7xx_HAL_Driver/Src/stm32f7xx_hal_gpio.o
 .debug_line    0x00005b1f     0x1c37 Drivers/STM32F7xx_HAL_Driver/Src/stm32f7xx_hal_i2c.o
 .debug_line    0x00007756      0x94a Drivers/STM32F7xx_HAL_Driver/Src/stm32f7xx_hal_i2c_ex.o
 .debug_line    0x000080a0     0x1189 Drivers/STM32F7xx_HAL_Driver/Src/stm32f7xx_hal_ltdc.o
 .debug_line    0x00009229      0xa1f Drivers/STM32F7xx_HAL_Driver/Src/stm32f7xx_hal_pwr.o
 .debug_line    0x00009c48      0xf2f Drivers/STM32F7xx_HAL_Driver/Src/stm32f7xx_hal_qspi.o
 .debug_line    0x0000ab77      0xb3b Drivers/STM32F7xx_HAL_Driver/Src/stm32f7xx_hal_rcc.o
 .debug_line    0x0000b6b2      0xac2 Drivers/STM32F7xx_HAL_Driver/Src/stm32f7xx_hal_rcc_ex.o
 .debug_line    0x0000c174      0xc42 Drivers/STM32F7xx_HAL_Driver/Src/stm32f7xx_hal_rtc.o
 .debug_line    0x0000cdb6     0x1011 Drivers/STM32F7xx_HAL_Driver/Src/stm32f7xx_hal_rtc_ex.o
 .debug_line    0x0000ddc7     0x10af Drivers/STM32F7xx_HAL_Driver/Src/stm32f7xx_hal_sai.o
 .debug_line    0x0000ee76      0xc0e Drivers/STM32F7xx_HAL_Driver/Src/stm32f7xx_hal_sdram.o
 .debug_line    0x0000fa84      0xd7d Drivers/STM32F7xx_HAL_Driver/Src/stm32f7xx_hal_spdifrx.o
 .debug_line    0x00010801     0x132d Drivers/STM32F7xx_HAL_Driver/Src/stm32f7xx_hal_spi.o
 .debug_line    0x00011b2e     0x1bdf Drivers/STM32F7xx_HAL_Driver/Src/stm32f7xx_hal_tim.o
 .debug_line    0x0001370d      0xf3c Drivers/STM32F7xx_HAL_Driver/Src/stm32f7xx_hal_tim_ex.o
 .debug_line    0x00014649     0x13bd Drivers/STM32F7xx_HAL_Driver/Src/stm32f7xx_hal_uart.o
 .debug_line    0x00015a06      0xb62 Drivers/STM32F7xx_HAL_Driver/Src/stm32f7xx_ll_fmc.o
 .debug_line    0x00016568      0x8b3 Src/isrs.o
 .debug_line    0x00016e1b      0xd08 Src/main.o
 .debug_line    0x00017b23      0xcd7 Src/stm32f7xx_hal_msp.o
 .debug_line    0x000187fa      0x8e1 Src/stm32f7xx_hal_timebase_tim.o
 .debug_line    0x000190db      0x975 Src/stm32f7xx_it.o
 .debug_line    0x00019a50      0x8cc Src/system_stm32f7xx.o
 .debug_line    0x0001a31c       0x7f startup/startup_stm32f746xx.o

.debug_str      0x00000000   0x106a6c
 .debug_str     0x00000000    0xfbb40 Drivers/STM32F7xx_HAL_Driver/Src/stm32f7xx_hal.o
                              0xfc314 (size before relaxing)
 .debug_str     0x000fbb40      0x5a7 Drivers/STM32F7xx_HAL_Driver/Src/stm32f7xx_hal_adc.o
                              0xfbf12 (size before relaxing)
 .debug_str     0x000fc0e7      0x4a5 Drivers/STM32F7xx_HAL_Driver/Src/stm32f7xx_hal_cortex.o
                              0xfc3c8 (size before relaxing)
 .debug_str     0x000fc58c      0x225 Drivers/STM32F7xx_HAL_Driver/Src/stm32f7xx_hal_crc.o
                              0xfbaa8 (size before relaxing)
 .debug_str     0x000fc7b1       0x82 Drivers/STM32F7xx_HAL_Driver/Src/stm32f7xx_hal_crc_ex.o
                              0xfba7b (size before relaxing)
 .debug_str     0x000fc833      0x3e1 Drivers/STM32F7xx_HAL_Driver/Src/stm32f7xx_hal_dcmi.o
                              0xfbebb (size before relaxing)
 .debug_str     0x000fcc14      0x53f Drivers/STM32F7xx_HAL_Driver/Src/stm32f7xx_hal_dma2d.o
                              0xfbf5a (size before relaxing)
 .debug_str     0x000fd153      0x2b8 Drivers/STM32F7xx_HAL_Driver/Src/stm32f7xx_hal_gpio.o
                              0xfbc45 (size before relaxing)
 .debug_str     0x000fd40b      0xf36 Drivers/STM32F7xx_HAL_Driver/Src/stm32f7xx_hal_i2c.o
                              0xfcb5d (size before relaxing)
 .debug_str     0x000fe341       0x3b Drivers/STM32F7xx_HAL_Driver/Src/stm32f7xx_hal_i2c_ex.o
                              0xfbd99 (size before relaxing)
 .debug_str     0x000fe37c      0x6ac Drivers/STM32F7xx_HAL_Driver/Src/stm32f7xx_hal_ltdc.o
                              0xfbfdd (size before relaxing)
 .debug_str     0x000fea28      0x2db Drivers/STM32F7xx_HAL_Driver/Src/stm32f7xx_hal_pwr.o
                              0xfbd27 (size before relaxing)
 .debug_str     0x000fed03      0x897 Drivers/STM32F7xx_HAL_Driver/Src/stm32f7xx_hal_qspi.o
                              0xfc384 (size before relaxing)
 .debug_str     0x000ff59a      0x38c Drivers/STM32F7xx_HAL_Driver/Src/stm32f7xx_hal_rcc.o
                              0xfbd7f (size before relaxing)
 .debug_str     0x000ff926      0x39a Drivers/STM32F7xx_HAL_Driver/Src/stm32f7xx_hal_rcc_ex.o
                              0xfbd14 (size before relaxing)
 .debug_str     0x000ffcc0      0x4d0 Drivers/STM32F7xx_HAL_Driver/Src/stm32f7xx_hal_rtc.o
                              0xfbd83 (size before relaxing)
 .debug_str     0x00100190      0x5bc Drivers/STM32F7xx_HAL_Driver/Src/stm32f7xx_hal_rtc_ex.o
                              0xfc110 (size before relaxing)
 .debug_str     0x0010074c      0x627 Drivers/STM32F7xx_HAL_Driver/Src/stm32f7xx_hal_sai.o
                              0xfc14c (size before relaxing)
 .debug_str     0x00100d73      0x4ce Drivers/STM32F7xx_HAL_Driver/Src/stm32f7xx_hal_sdram.o
                              0xfbf7d (size before relaxing)
 .debug_str     0x00101241      0x4d7 Drivers/STM32F7xx_HAL_Driver/Src/stm32f7xx_hal_spdifrx.o
                              0xfbffa (size before relaxing)
 .debug_str     0x00101718      0x69d Drivers/STM32F7xx_HAL_Driver/Src/stm32f7xx_hal_spi.o
                              0xfc229 (size before relaxing)
 .debug_str     0x00101db5      0xef1 Drivers/STM32F7xx_HAL_Driver/Src/stm32f7xx_hal_tim.o
                              0xfcafb (size before relaxing)
 .debug_str     0x00102ca6      0x563 Drivers/STM32F7xx_HAL_Driver/Src/stm32f7xx_hal_tim_ex.o
                              0xfc34e (size before relaxing)
 .debug_str     0x00103209      0x8e6 Drivers/STM32F7xx_HAL_Driver/Src/stm32f7xx_hal_uart.o
                              0xfc55d (size before relaxing)
 .debug_str     0x00103aef      0x477 Drivers/STM32F7xx_HAL_Driver/Src/stm32f7xx_ll_fmc.o
                              0xfbecd (size before relaxing)
 .debug_str     0x00103f66     0x26da Src/isrs.o
                              0xfe30b (size before relaxing)
 .debug_str     0x00106640      0x1fc Src/main.o
                              0xffeef (size before relaxing)
 .debug_str     0x0010683c       0x9b Src/stm32f7xx_hal_msp.o
                              0xffe25 (size before relaxing)
 .debug_str     0x001068d7       0x50 Src/stm32f7xx_hal_timebase_tim.o
                              0xfc40e (size before relaxing)
 .debug_str     0x00106927       0xbc Src/stm32f7xx_it.o
                              0xfe0e3 (size before relaxing)
 .debug_str     0x001069e3       0x5a Src/system_stm32f7xx.o
                              0xfba6a (size before relaxing)
 .debug_str     0x00106a3d       0x2f startup/startup_stm32f746xx.o
                                 0x66 (size before relaxing)

.comment        0x00000000       0x7f
 .comment       0x00000000       0x7f Drivers/STM32F7xx_HAL_Driver/Src/stm32f7xx_hal.o
                                 0x80 (size before relaxing)
 .comment       0x0000007f       0x80 Drivers/STM32F7xx_HAL_Driver/Src/stm32f7xx_hal_adc.o
 .comment       0x0000007f       0x80 Drivers/STM32F7xx_HAL_Driver/Src/stm32f7xx_hal_cortex.o
 .comment       0x0000007f       0x80 Drivers/STM32F7xx_HAL_Driver/Src/stm32f7xx_hal_crc.o
 .comment       0x0000007f       0x80 Drivers/STM32F7xx_HAL_Driver/Src/stm32f7xx_hal_crc_ex.o
 .comment       0x0000007f       0x80 Drivers/STM32F7xx_HAL_Driver/Src/stm32f7xx_hal_dcmi.o
 .comment       0x0000007f       0x80 Drivers/STM32F7xx_HAL_Driver/Src/stm32f7xx_hal_dma2d.o
 .comment       0x0000007f       0x80 Drivers/STM32F7xx_HAL_Driver/Src/stm32f7xx_hal_gpio.o
 .comment       0x0000007f       0x80 Drivers/STM32F7xx_HAL_Driver/Src/stm32f7xx_hal_i2c.o
 .comment       0x0000007f       0x80 Drivers/STM32F7xx_HAL_Driver/Src/stm32f7xx_hal_i2c_ex.o
 .comment       0x0000007f       0x80 Drivers/STM32F7xx_HAL_Driver/Src/stm32f7xx_hal_ltdc.o
 .comment       0x0000007f       0x80 Drivers/STM32F7xx_HAL_Driver/Src/stm32f7xx_hal_pwr.o
 .comment       0x0000007f       0x80 Drivers/STM32F7xx_HAL_Driver/Src/stm32f7xx_hal_qspi.o
 .comment       0x0000007f       0x80 Drivers/STM32F7xx_HAL_Driver/Src/stm32f7xx_hal_rcc.o
 .comment       0x0000007f       0x80 Drivers/STM32F7xx_HAL_Driver/Src/stm32f7xx_hal_rcc_ex.o
 .comment       0x0000007f       0x80 Drivers/STM32F7xx_HAL_Driver/Src/stm32f7xx_hal_rtc.o
 .comment       0x0000007f       0x80 Drivers/STM32F7xx_HAL_Driver/Src/stm32f7xx_hal_rtc_ex.o
 .comment       0x0000007f       0x80 Drivers/STM32F7xx_HAL_Driver/Src/stm32f7xx_hal_sai.o
 .comment       0x0000007f       0x80 Drivers/STM32F7xx_HAL_Driver/Src/stm32f7xx_hal_sdram.o
 .comment       0x0000007f       0x80 Drivers/STM32F7xx_HAL_Driver/Src/stm32f7xx_hal_spdifrx.o
 .comment       0x0000007f       0x80 Drivers/STM32F7xx_HAL_Driver/Src/stm32f7xx_hal_spi.o
 .comment       0x0000007f       0x80 Drivers/STM32F7xx_HAL_Driver/Src/stm32f7xx_hal_tim.o
 .comment       0x0000007f       0x80 Drivers/STM32F7xx_HAL_Driver/Src/stm32f7xx_hal_tim_ex.o
 .comment       0x0000007f       0x80 Drivers/STM32F7xx_HAL_Driver/Src/stm32f7xx_hal_uart.o
 .comment       0x0000007f       0x80 Drivers/STM32F7xx_HAL_Driver/Src/stm32f7xx_ll_fmc.o
 .comment       0x0000007f       0x80 Src/isrs.o
 .comment       0x0000007f       0x80 Src/main.o
 .comment       0x0000007f       0x80 Src/stm32f7xx_hal_msp.o
 .comment       0x0000007f       0x80 Src/stm32f7xx_hal_timebase_tim.o
 .comment       0x0000007f       0x80 Src/stm32f7xx_it.o
 .comment       0x0000007f       0x80 Src/system_stm32f7xx.o

.debug_frame    0x00000000     0x8390
 .debug_frame   0x00000000      0x3b4 Drivers/STM32F7xx_HAL_Driver/Src/stm32f7xx_hal.o
 .debug_frame   0x000003b4      0x3fc Drivers/STM32F7xx_HAL_Driver/Src/stm32f7xx_hal_adc.o
 .debug_frame   0x000007b0      0x498 Drivers/STM32F7xx_HAL_Driver/Src/stm32f7xx_hal_cortex.o
 .debug_frame   0x00000c48      0x168 Drivers/STM32F7xx_HAL_Driver/Src/stm32f7xx_hal_crc.o
 .debug_frame   0x00000db0       0x88 Drivers/STM32F7xx_HAL_Driver/Src/stm32f7xx_hal_crc_ex.o
 .debug_frame   0x00000e38      0x320 Drivers/STM32F7xx_HAL_Driver/Src/stm32f7xx_hal_dcmi.o
 .debug_frame   0x00001158      0x490 Drivers/STM32F7xx_HAL_Driver/Src/stm32f7xx_hal_dma2d.o
 .debug_frame   0x000015e8      0x14c Drivers/STM32F7xx_HAL_Driver/Src/stm32f7xx_hal_gpio.o
 .debug_frame   0x00001734      0xbc0 Drivers/STM32F7xx_HAL_Driver/Src/stm32f7xx_hal_i2c.o
 .debug_frame   0x000022f4       0x60 Drivers/STM32F7xx_HAL_Driver/Src/stm32f7xx_hal_i2c_ex.o
 .debug_frame   0x00002354      0x61c Drivers/STM32F7xx_HAL_Driver/Src/stm32f7xx_hal_ltdc.o
 .debug_frame   0x00002970      0x254 Drivers/STM32F7xx_HAL_Driver/Src/stm32f7xx_hal_pwr.o
 .debug_frame   0x00002bc4      0x654 Drivers/STM32F7xx_HAL_Driver/Src/stm32f7xx_hal_qspi.o
 .debug_frame   0x00003218      0x1f4 Drivers/STM32F7xx_HAL_Driver/Src/stm32f7xx_hal_rcc.o
 .debug_frame   0x0000340c      0x118 Drivers/STM32F7xx_HAL_Driver/Src/stm32f7xx_hal_rcc_ex.o
 .debug_frame   0x00003524      0x308 Drivers/STM32F7xx_HAL_Driver/Src/stm32f7xx_hal_rtc.o
 .debug_frame   0x0000382c      0x59c Drivers/STM32F7xx_HAL_Driver/Src/stm32f7xx_hal_rtc_ex.o
 .debug_frame   0x00003dc8      0x698 Drivers/STM32F7xx_HAL_Driver/Src/stm32f7xx_hal_sai.o
 .debug_frame   0x00004460      0x37c Drivers/STM32F7xx_HAL_Driver/Src/stm32f7xx_hal_sdram.o
 .debug_frame   0x000047dc      0x450 Drivers/STM32F7xx_HAL_Driver/Src/stm32f7xx_hal_spdifrx.o
 .debug_frame   0x00004c2c      0x860 Drivers/STM32F7xx_HAL_Driver/Src/stm32f7xx_hal_spi.o
 .debug_frame   0x0000548c     0x1144 Drivers/STM32F7xx_HAL_Driver/Src/stm32f7xx_hal_tim.o
 .debug_frame   0x000065d0      0x610 Drivers/STM32F7xx_HAL_Driver/Src/stm32f7xx_hal_tim_ex.o
 .debug_frame   0x00006be0      0x8f4 Drivers/STM32F7xx_HAL_Driver/Src/stm32f7xx_hal_uart.o
 .debug_frame   0x000074d4      0x37c Drivers/STM32F7xx_HAL_Driver/Src/stm32f7xx_ll_fmc.o
 .debug_frame   0x00007850       0x3c Src/isrs.o
 .debug_frame   0x0000788c      0x35c Src/main.o
 .debug_frame   0x00007be8      0x4ec Src/stm32f7xx_hal_msp.o
 .debug_frame   0x000080d4       0x74 Src/stm32f7xx_hal_timebase_tim.o
 .debug_frame   0x00008148      0x144 Src/stm32f7xx_it.o
 .debug_frame   0x0000828c       0x58 Src/system_stm32f7xx.o
 .debug_frame   0x000082e4       0x2c c:/ac6/systemworkbench/plugins/fr.ac6.mcu.externaltools.arm-none.win32_1.17.0.201812190825/tools/compiler/bin/../lib/gcc/arm-none-eabi/7.3.1/thumb/v7e-m/fpv4-sp/hard\libgcc.a(_aeabi_uldivmod.o)
 .debug_frame   0x00008310       0x34 c:/ac6/systemworkbench/plugins/fr.ac6.mcu.externaltools.arm-none.win32_1.17.0.201812190825/tools/compiler/bin/../lib/gcc/arm-none-eabi/7.3.1/thumb/v7e-m/fpv4-sp/hard\libgcc.a(_udivmoddi4.o)
 .debug_frame   0x00008344       0x2c c:/ac6/systemworkbench/plugins/fr.ac6.mcu.externaltools.arm-none.win32_1.17.0.201812190825/tools/compiler/bin/../lib/gcc/arm-none-eabi/7.3.1/../../../../arm-none-eabi/lib/thumb/v7e-m/fpv4-sp/hard\libc_nano.a(lib_a-init.o)
 .debug_frame   0x00008370       0x20 c:/ac6/systemworkbench/plugins/fr.ac6.mcu.externaltools.arm-none.win32_1.17.0.201812190825/tools/compiler/bin/../lib/gcc/arm-none-eabi/7.3.1/../../../../arm-none-eabi/lib/thumb/v7e-m/fpv4-sp/hard\libc_nano.a(lib_a-memset.o)

.debug_loc      0x00000000       0x21
 .debug_loc     0x00000000       0x21 Src/isrs.o
